Component: ARM Compiler 5.06 update 6 (build 750) Tool: armlink [4d35ed]

==============================================================================

Section Cross References

    main.o(i.Init) refers to stm32f4xx_rcc.o(i.RCC_AHB1PeriphClockCmd) for RCC_AHB1PeriphClockCmd
    main.o(i.Init) refers to stm32f4xx_gpio.o(i.GPIO_Init) for GPIO_Init
    main.o(i.Init) refers to stm32f4xx_gpio.o(i.GPIO_PinAFConfig) for GPIO_PinAFConfig
    main.o(i.Init) refers to main.o(i.h_drv_SPI_CS_Disable) for h_drv_SPI_CS_Disable
    main.o(i.Init) refers to stm32f4xx_rcc.o(i.RCC_APB2PeriphClockCmd) for RCC_APB2PeriphClockCmd
    main.o(i.Init) refers to stm32f4xx_spi.o(i.SPI_Init) for SPI_Init
    main.o(i.Init) refers to stm32f4xx_spi.o(i.SPI_Cmd) for SPI_Cmd
    main.o(i.h_drv_Allow_Data_Writing) refers to main.o(i.h_drv_SPI_CS_Enable) for h_drv_SPI_CS_Enable
    main.o(i.h_drv_Allow_Data_Writing) refers to main.o(i.h_drv_SPI_Write_Byte) for h_drv_SPI_Write_Byte
    main.o(i.h_drv_Allow_Data_Writing) refers to main.o(i.h_drv_SPI_CS_Disable) for h_drv_SPI_CS_Disable
    main.o(i.h_drv_Allow_Data_Writing) refers to main.o(.data) for WREN
    main.o(i.h_drv_Byte_Program_Write_Byte) refers to main.o(i.h_drv_SPI_CS_Enable) for h_drv_SPI_CS_Enable
    main.o(i.h_drv_Byte_Program_Write_Byte) refers to main.o(i.h_drv_SPI_Write_Byte) for h_drv_SPI_Write_Byte
    main.o(i.h_drv_Byte_Program_Write_Byte) refers to main.o(i.h_drv_SPI_CS_Disable) for h_drv_SPI_CS_Disable
    main.o(i.h_drv_Byte_Program_Write_Byte) refers to main.o(.data) for WREN
    main.o(i.h_drv_Read_Byte) refers to main.o(i.h_drv_SPI_CS_Enable) for h_drv_SPI_CS_Enable
    main.o(i.h_drv_Read_Byte) refers to main.o(i.h_drv_SPI_Write_Byte) for h_drv_SPI_Write_Byte
    main.o(i.h_drv_Read_Byte) refers to main.o(i.h_drv_SPI_CS_Disable) for h_drv_SPI_CS_Disable
    main.o(i.h_drv_Read_Byte) refers to main.o(.data) for READ
    main.o(i.h_drv_Read_Status_Register) refers to main.o(i.h_drv_SPI_CS_Enable) for h_drv_SPI_CS_Enable
    main.o(i.h_drv_Read_Status_Register) refers to main.o(i.h_drv_SPI_Write_Byte) for h_drv_SPI_Write_Byte
    main.o(i.h_drv_Read_Status_Register) refers to main.o(i.h_drv_SPI_CS_Disable) for h_drv_SPI_CS_Disable
    main.o(i.h_drv_Read_Status_Register) refers to main.o(.data) for RDSR_ADDR
    main.o(i.h_drv_SPI_CS_Disable) refers to stm32f4xx_gpio.o(i.GPIO_SetBits) for GPIO_SetBits
    main.o(i.h_drv_SPI_CS_Enable) refers to stm32f4xx_gpio.o(i.GPIO_ResetBits) for GPIO_ResetBits
    main.o(i.h_drv_SPI_Write_Byte) refers to stm32f4xx_spi.o(i.SPI_I2S_GetFlagStatus) for SPI_I2S_GetFlagStatus
    main.o(i.h_drv_SPI_Write_Byte) refers to stm32f4xx_spi.o(i.SPI_I2S_SendData) for SPI_I2S_SendData
    main.o(i.h_drv_SPI_Write_Byte) refers to stm32f4xx_spi.o(i.SPI_I2S_ReceiveData) for SPI_I2S_ReceiveData
    main.o(i.h_drv_Sector_Erase) refers to main.o(i.h_drv_SPI_CS_Enable) for h_drv_SPI_CS_Enable
    main.o(i.h_drv_Sector_Erase) refers to main.o(i.h_drv_SPI_Write_Byte) for h_drv_SPI_Write_Byte
    main.o(i.h_drv_Sector_Erase) refers to main.o(i.h_drv_SPI_CS_Disable) for h_drv_SPI_CS_Disable
    main.o(i.h_drv_Sector_Erase) refers to main.o(.data) for WREN
    main.o(i.h_drv_Write_Array) refers to main.o(i.h_drv_Byte_Program_Write_Byte) for h_drv_Byte_Program_Write_Byte
    main.o(i.h_drv_Write_Array) refers to main.o(i.next_Add) for next_Add
    main.o(i.main) refers to main.o(i.Init) for Init
    main.o(i.main) refers to main.o(i.h_drv_Allow_Data_Writing) for h_drv_Allow_Data_Writing
    main.o(i.main) refers to main.o(i.h_drv_Read_Status_Register) for h_drv_Read_Status_Register
    main.o(i.main) refers to main.o(i.h_drv_Sector_Erase) for h_drv_Sector_Erase
    main.o(i.main) refers to main.o(i.h_drv_Write_Array) for h_drv_Write_Array
    main.o(i.main) refers to main.o(.data) for status
    stm32f4xx_adc.o(i.ADC_DeInit) refers to stm32f4xx_rcc.o(i.RCC_APB2PeriphResetCmd) for RCC_APB2PeriphResetCmd
    stm32f4xx_can.o(i.CAN_DeInit) refers to stm32f4xx_rcc.o(i.RCC_APB1PeriphResetCmd) for RCC_APB1PeriphResetCmd
    stm32f4xx_can.o(i.CAN_GetITStatus) refers to stm32f4xx_can.o(i.CheckITStatus) for CheckITStatus
    stm32f4xx_cryp.o(i.CRYP_DeInit) refers to stm32f4xx_rcc.o(i.RCC_AHB2PeriphResetCmd) for RCC_AHB2PeriphResetCmd
    stm32f4xx_cryp_aes.o(i.CRYP_AES_CBC) refers to stm32f4xx_cryp.o(i.CRYP_KeyStructInit) for CRYP_KeyStructInit
    stm32f4xx_cryp_aes.o(i.CRYP_AES_CBC) refers to stm32f4xx_cryp.o(i.CRYP_FIFOFlush) for CRYP_FIFOFlush
    stm32f4xx_cryp_aes.o(i.CRYP_AES_CBC) refers to stm32f4xx_cryp.o(i.CRYP_Init) for CRYP_Init
    stm32f4xx_cryp_aes.o(i.CRYP_AES_CBC) refers to stm32f4xx_cryp.o(i.CRYP_KeyInit) for CRYP_KeyInit
    stm32f4xx_cryp_aes.o(i.CRYP_AES_CBC) refers to stm32f4xx_cryp.o(i.CRYP_Cmd) for CRYP_Cmd
    stm32f4xx_cryp_aes.o(i.CRYP_AES_CBC) refers to stm32f4xx_cryp.o(i.CRYP_GetFlagStatus) for CRYP_GetFlagStatus
[...]
    ..\rt_Task.c                             0x00000000   Number         0  rt_task.o ABSOLUTE
    ..\rt_Time.c                             0x00000000   Number         0  rt_time.o ABSOLUTE
    HAL_CM4.c                                0x00000000   Number         0  hal_cm4.o ABSOLUTE
    HAL_CM4.c                                0x00000000   Number         0  hal_cm4.o ABSOLUTE
    RTE\CMSIS\RTX_Conf_CM.c                  0x00000000   Number         0  rtx_conf_cm.o ABSOLUTE
    RTE\Device\STM32F407VGTx\startup_stm32f407xx.s 0x00000000   Number         0  startup_stm32f407xx.o ABSOLUTE
    RTE\Device\STM32F407VGTx\system_stm32f4xx.c 0x00000000   Number         0  system_stm32f4xx.o ABSOLUTE
    RTE\\CMSIS\\RTX_Conf_CM.c                0x00000000   Number         0  rtx_conf_cm.o ABSOLUTE
    RTE\\Device\\STM32F407VGTx\\system_stm32f4xx.c 0x00000000   Number         0  system_stm32f4xx.o ABSOLUTE
    STM32F4xx_StdPeriph_Driver\\src\\misc.c  0x00000000   Number         0  misc.o ABSOLUTE
    STM32F4xx_StdPeriph_Driver\\src\\stm32f4xx_adc.c 0x00000000   Number         0  stm32f4xx_adc.o ABSOLUTE
    STM32F4xx_StdPeriph_Driver\\src\\stm32f4xx_can.c 0x00000000   Number         0  stm32f4xx_can.o ABSOLUTE
    STM32F4xx_StdPeriph_Driver\\src\\stm32f4xx_cec.c 0x00000000   Number         0  stm32f4xx_cec.o ABSOLUTE
    STM32F4xx_StdPeriph_Driver\\src\\stm32f4xx_crc.c 0x00000000   Number         0  stm32f4xx_crc.o ABSOLUTE
    STM32F4xx_StdPeriph_Driver\\src\\stm32f4xx_cryp.c 0x00000000   Number         0  stm32f4xx_cryp.o ABSOLUTE
    STM32F4xx_StdPeriph_Driver\\src\\stm32f4xx_cryp_aes.c 0x00000000   Number         0  stm32f4xx_cryp_aes.o ABSOLUTE
    STM32F4xx_StdPeriph_Driver\\src\\stm32f4xx_cryp_des.c 0x00000000   Number         0  stm32f4xx_cryp_des.o ABSOLUTE
    STM32F4xx_StdPeriph_Driver\\src\\stm32f4xx_cryp_tdes.c 0x00000000   Number         0  stm32f4xx_cryp_tdes.o ABSOLUTE
    STM32F4xx_StdPeriph_Driver\\src\\stm32f4xx_dac.c 0x00000000   Number         0  stm32f4xx_dac.o ABSOLUTE
    STM32F4xx_StdPeriph_Driver\\src\\stm32f4xx_dbgmcu.c 0x00000000   Number         0  stm32f4xx_dbgmcu.o ABSOLUTE
    STM32F4xx_StdPeriph_Driver\\src\\stm32f4xx_dcmi.c 0x00000000   Number         0  stm32f4xx_dcmi.o ABSOLUTE
    STM32F4xx_StdPeriph_Driver\\src\\stm32f4xx_dfsdm.c 0x00000000   Number         0  stm32f4xx_dfsdm.o ABSOLUTE
    STM32F4xx_StdPeriph_Driver\\src\\stm32f4xx_dma.c 0x00000000   Number         0  stm32f4xx_dma.o ABSOLUTE
    STM32F4xx_StdPeriph_Driver\\src\\stm32f4xx_dma2d.c 0x00000000   Number         0  stm32f4xx_dma2d.o ABSOLUTE
    STM32F4xx_StdPeriph_Driver\\src\\stm32f4xx_dsi.c 0x00000000   Number         0  stm32f4xx_dsi.o ABSOLUTE
    STM32F4xx_StdPeriph_Driver\\src\\stm32f4xx_exti.c 0x00000000   Number         0  stm32f4xx_exti.o ABSOLUTE
    STM32F4xx_StdPeriph_Driver\\src\\stm32f4xx_flash.c 0x00000000   Number         0  stm32f4xx_flash.o ABSOLUTE
    STM32F4xx_StdPeriph_Driver\\src\\stm32f4xx_flash_ramfunc.c 0x00000000   Number         0  stm32f4xx_flash_ramfunc.o ABSOLUTE
    STM32F4xx_StdPeriph_Driver\\src\\stm32f4xx_fmpi2c.c 0x00000000   Number         0  stm32f4xx_fmpi2c.o ABSOLUTE
    STM32F4xx_StdPeriph_Driver\\src\\stm32f4xx_fsmc.c 0x00000000   Number         0  stm32f4xx_fsmc.o ABSOLUTE
    STM32F4xx_StdPeriph_Driver\\src\\stm32f4xx_gpio.c 0x00000000   Number         0  stm32f4xx_gpio.o ABSOLUTE
    STM32F4xx_StdPeriph_Driver\\src\\stm32f4xx_hash.c 0x00000000   Number         0  stm32f4xx_hash.o ABSOLUTE
    STM32F4xx_StdPeriph_Driver\\src\\stm32f4xx_hash_md5.c 0x00000000   Number         0  stm32f4xx_hash_md5.o ABSOLUTE
    STM32F4xx_StdPeriph_Driver\\src\\stm32f4xx_hash_sha1.c 0x00000000   Number         0  stm32f4xx_hash_sha1.o ABSOLUTE
    STM32F4xx_StdPeriph_Driver\\src\\stm32f4xx_i2c.c 0x00000000   Number         0  stm32f4xx_i2c.o ABSOLUTE
    STM32F4xx_StdPeriph_Driver\\src\\stm32f4xx_iwdg.c 0x00000000   Number         0  stm32f4xx_iwdg.o ABSOLUTE
    STM32F4xx_StdPeriph_Driver\\src\\stm32f4xx_lptim.c 0x00000000   Number         0  stm32f4xx_lptim.o ABSOLUTE
    STM32F4xx_StdPeriph_Driver\\src\\stm32f4xx_ltdc.c 0x00000000   Number         0  stm32f4xx_ltdc.o ABSOLUTE
    STM32F4xx_StdPeriph_Driver\\src\\stm32f4xx_pwr.c 0x00000000   Number         0  stm32f4xx_pwr.o ABSOLUTE
    STM32F4xx_StdPeriph_Driver\\src\\stm32f4xx_qspi.c 0x00000000   Number         0  stm32f4xx_qspi.o ABSOLUTE
    STM32F4xx_StdPeriph_Driver\\src\\stm32f4xx_rcc.c 0x00000000   Number         0  stm32f4xx_rcc.o ABSOLUTE
    STM32F4xx_StdPeriph_Driver\\src\\stm32f4xx_rng.c 0x00000000   Number         0  stm32f4xx_rng.o ABSOLUTE
    STM32F4xx_StdPeriph_Driver\\src\\stm32f4xx_rtc.c 0x00000000   Number         0  stm32f4xx_rtc.o ABSOLUTE
    STM32F4xx_StdPeriph_Driver\\src\\stm32f4xx_sai.c 0x00000000   Number         0  stm32f4xx_sai.o ABSOLUTE
    STM32F4xx_StdPeriph_Driver\\src\\stm32f4xx_sdio.c 0x00000000   Number         0  stm32f4xx_sdio.o ABSOLUTE
    STM32F4xx_StdPeriph_Driver\\src\\stm32f4xx_spdifrx.c 0x00000000   Number         0  stm32f4xx_spdifrx.o ABSOLUTE
    STM32F4xx_StdPeriph_Driver\\src\\stm32f4xx_spi.c 0x00000000   Number         0  stm32f4xx_spi.o ABSOLUTE
    STM32F4xx_StdPeriph_Driver\\src\\stm32f4xx_syscfg.c 0x00000000   Number         0  stm32f4xx_syscfg.o ABSOLUTE
    STM32F4xx_StdPeriph_Driver\\src\\stm32f4xx_tim.c 0x00000000   Number         0  stm32f4xx_tim.o ABSOLUTE
    STM32F4xx_StdPeriph_Driver\\src\\stm32f4xx_usart.c 0x00000000   Number         0  stm32f4xx_usart.o ABSOLUTE
    STM32F4xx_StdPeriph_Driver\\src\\stm32f4xx_wwdg.c 0x00000000   Number         0  stm32f4xx_wwdg.o ABSOLUTE
    STM32F4xx_StdPeriph_Driver\src\misc.c    0x00000000   Number         0  misc.o ABSOLUTE
    STM32F4xx_StdPeriph_Driver\src\stm32f4xx_adc.c 0x00000000   Number         0  stm32f4xx_adc.o ABSOLUTE
    STM32F4xx_StdPeriph_Driver\src\stm32f4xx_can.c 0x00000000   Number         0  stm32f4xx_can.o ABSOLUTE
    STM32F4xx_StdPeriph_Driver\src\stm32f4xx_cec.c 0x00000000   Number         0  stm32f4xx_cec.o ABSOLUTE
    STM32F4xx_StdPeriph_Driver\src\stm32f4xx_crc.c 0x00000000   Number         0  stm32f4xx_crc.o ABSOLUTE
    STM32F4xx_StdPeriph_Driver\src\stm32f4xx_cryp.c 0x00000000   Number         0  stm32f4xx_cryp.o ABSOLUTE
    STM32F4xx_StdPeriph_Driver\src\stm32f4xx_cryp_aes.c 0x00000000   Number         0  stm32f4xx_cryp_aes.o ABSOLUTE
    STM32F4xx_StdPeriph_Driver\src\stm32f4xx_cryp_des.c 0x00000000   Number         0  stm32f4xx_cryp_des.o ABSOLUTE
    STM32F4xx_StdPeriph_Driver\src\stm32f4xx_cryp_tdes.c 0x00000000   Number         0  stm32f4xx_cryp_tdes.o ABSOLUTE
    STM32F4xx_StdPeriph_Driver\src\stm32f4xx_dac.c 0x00000000   Number         0  stm32f4xx_dac.o ABSOLUTE
    STM32F4xx_StdPeriph_Driver\src\stm32f4xx_dbgmcu.c 0x00000000   Number         0  stm32f4xx_dbgmcu.o ABSOLUTE
    STM32F4xx_StdPeriph_Driver\src\stm32f4xx_dcmi.c 0x00000000   Number         0  stm32f4xx_dcmi.o ABSOLUTE
    STM32F4xx_StdPeriph_Driver\src\stm32f4xx_dfsdm.c 0x00000000   Number         0  stm32f4xx_dfsdm.o ABSOLUTE
    STM32F4xx_StdPeriph_Driver\src\stm32f4xx_dma.c 0x00000000   Number         0  stm32f4xx_dma.o ABSOLUTE
    STM32F4xx_StdPeriph_Driver\src\stm32f4xx_dma2d.c 0x00000000   Number         0  stm32f4xx_dma2d.o ABSOLUTE
    STM32F4xx_StdPeriph_Driver\src\stm32f4xx_dsi.c 0x00000000   Number         0  stm32f4xx_dsi.o ABSOLUTE
    STM32F4xx_StdPeriph_Driver\src\stm32f4xx_exti.c 0x00000000   Number         0  stm32f4xx_exti.o ABSOLUTE
    STM32F4xx_StdPeriph_Driver\src\stm32f4xx_flash.c 0x00000000   Number         0  stm32f4xx_flash.o ABSOLUTE
    STM32F4xx_StdPeriph_Driver\src\stm32f4xx_flash_ramfunc.c 0x00000000   Number         0  stm32f4xx_flash_ramfunc.o ABSOLUTE
    STM32F4xx_StdPeriph_Driver\src\stm32f4xx_fmpi2c.c 0x00000000   Number         0  stm32f4xx_fmpi2c.o ABSOLUTE
    STM32F4xx_StdPeriph_Driver\src\stm32f4xx_fsmc.c 0x00000000   Number         0  stm32f4xx_fsmc.o ABSOLUTE
    STM32F4xx_StdPeriph_Driver\src\stm32f4xx_gpio.c 0x00000000   Number         0  stm32f4xx_gpio.o ABSOLUTE
    STM32F4xx_StdPeriph_Driver\src\stm32f4xx_hash.c 0x00000000   Number         0  stm32f4xx_hash.o ABSOLUTE
    STM32F4xx_StdPeriph_Driver\src\stm32f4xx_hash_md5.c 0x00000000   Number         0  stm32f4xx_hash_md5.o ABSOLUTE
    STM32F4xx_StdPeriph_Driver\src\stm32f4xx_hash_sha1.c 0x00000000   Number         0  stm32f4xx_hash_sha1.o ABSOLUTE
    STM32F4xx_StdPeriph_Driver\src\stm32f4xx_i2c.c 0x00000000   Number         0  stm32f4xx_i2c.o ABSOLUTE
    STM32F4xx_StdPeriph_Driver\src\stm32f4xx_iwdg.c 0x00000000   Number         0  stm32f4xx_iwdg.o ABSOLUTE
    STM32F4xx_StdPeriph_Driver\src\stm32f4xx_lptim.c 0x00000000   Number         0  stm32f4xx_lptim.o ABSOLUTE
    STM32F4xx_StdPeriph_Driver\src\stm32f4xx_ltdc.c 0x00000000   Number         0  stm32f4xx_ltdc.o ABSOLUTE
    STM32F4xx_StdPeriph_Driver\src\stm32f4xx_pwr.c 0x00000000   Number         0  stm32f4xx_pwr.o ABSOLUTE
    STM32F4xx_StdPeriph_Driver\src\stm32f4xx_qspi.c 0x00000000   Number         0  stm32f4xx_qspi.o ABSOLUTE
    STM32F4xx_StdPeriph_Driver\src\stm32f4xx_rcc.c 0x00000000   Number         0  stm32f4xx_rcc.o ABSOLUTE
    STM32F4xx_StdPeriph_Driver\src\stm32f4xx_rng.c 0x00000000   Number         0  stm32f4xx_rng.o ABSOLUTE
    STM32F4xx_StdPeriph_Driver\src\stm32f4xx_rtc.c 0x00000000   Number         0  stm32f4xx_rtc.o ABSOLUTE
    STM32F4xx_StdPeriph_Driver\src\stm32f4xx_sai.c 0x00000000   Number         0  stm32f4xx_sai.o ABSOLUTE
    STM32F4xx_StdPeriph_Driver\src\stm32f4xx_sdio.c 0x00000000   Number         0  stm32f4xx_sdio.o ABSOLUTE
    STM32F4xx_StdPeriph_Driver\src\stm32f4xx_spdifrx.c 0x00000000   Number         0  stm32f4xx_spdifrx.o ABSOLUTE
    STM32F4xx_StdPeriph_Driver\src\stm32f4xx_spi.c 0x00000000   Number         0  stm32f4xx_spi.o ABSOLUTE
    STM32F4xx_StdPeriph_Driver\src\stm32f4xx_syscfg.c 0x00000000   Number         0  stm32f4xx_syscfg.o ABSOLUTE
    STM32F4xx_StdPeriph_Driver\src\stm32f4xx_tim.c 0x00000000   Number         0  stm32f4xx_tim.o ABSOLUTE
    STM32F4xx_StdPeriph_Driver\src\stm32f4xx_usart.c 0x00000000   Number         0  stm32f4xx_usart.o ABSOLUTE
    STM32F4xx_StdPeriph_Driver\src\stm32f4xx_wwdg.c 0x00000000   Number         0  stm32f4xx_wwdg.o ABSOLUTE
    SVC_Table.s                              0x00000000   Number         0  svc_table.o ABSOLUTE
    User\Source\main.c                       0x00000000   Number         0  main.o ABSOLUTE
    User\\Source\\main.c                     0x00000000   Number         0  main.o ABSOLUTE
    dc.s                                     0x00000000   Number         0  dc.o ABSOLUTE
    RESET                                    0x08000000   Section      392  startup_stm32f407xx.o(RESET)
    !!!main                                  0x08000188   Section        8  __main.o(!!!main)
    !!!scatter                               0x08000190   Section       52  __scatter.o(!!!scatter)
    !!handler_copy                           0x080001c4   Section       26  __scatter_copy.o(!!handler_copy)
    !!handler_zi                             0x080001e0   Section       28  __scatter_zi.o(!!handler_zi)
    .ARM.Collect$$libinit$$00000000          0x080001fc   Section        2  libinit.o(.ARM.Collect$$libinit$$00000000)
    .ARM.Collect$$libinit$$00000001          0x080001fe   Section        4  libinit2.o(.ARM.Collect$$libinit$$00000001)
    .ARM.Collect$$libinit$$00000004          0x08000202   Section        0  libinit2.o(.ARM.Collect$$libinit$$00000004)
    .ARM.Collect$$libinit$$0000000A          0x08000202   Section        0  libinit2.o(.ARM.Collect$$libinit$$0000000A)
    .ARM.Collect$$libinit$$0000000C          0x08000202   Section        0  libinit2.o(.ARM.Collect$$libinit$$0000000C)
    .ARM.Collect$$libinit$$0000000E          0x08000202   Section        0  libinit2.o(.ARM.Collect$$libinit$$0000000E)
    .ARM.Collect$$libinit$$00000011          0x08000202   Section        0  libinit2.o(.ARM.Collect$$libinit$$00000011)
    .ARM.Collect$$libinit$$00000013          0x08000202   Section        0  libinit2.o(.ARM.Collect$$libinit$$00000013)
    .ARM.Collect$$libinit$$00000015          0x08000202   Section        0  libinit2.o(.ARM.Collect$$libinit$$00000015)
    .ARM.Collect$$libinit$$00000017          0x08000202   Section        0  libinit2.o(.ARM.Collect$$libinit$$00000017)
    .ARM.Collect$$libinit$$00000019          0x08000202   Section        0  libinit2.o(.ARM.Collect$$libinit$$00000019)
    .ARM.Collect$$libinit$$0000001B          0x08000202   Section        0  libinit2.o(.ARM.Collect$$libinit$$0000001B)
    .ARM.Collect$$libinit$$0000001D          0x08000202   Section        0  libinit2.o(.ARM.Collect$$libinit$$0000001D)
    .ARM.Collect$$libinit$$0000001F          0x08000202   Section        0  libinit2.o(.ARM.Collect$$libinit$$0000001F)
    .ARM.Collect$$libinit$$00000021          0x08000202   Section        0  libinit2.o(.ARM.Collect$$libinit$$00000021)
    .ARM.Collect$$libinit$$00000023          0x08000202   Section        0  libinit2.o(.ARM.Collect$$libinit$$00000023)
    .ARM.Collect$$libinit$$00000025          0x08000202   Section        0  libinit2.o(.ARM.Collect$$libinit$$00000025)
    .ARM.Collect$$libinit$$0000002C          0x08000202   Section        0  libinit2.o(.ARM.Collect$$libinit$$0000002C)
    .ARM.Collect$$libinit$$0000002E          0x08000202   Section        0  libinit2.o(.ARM.Collect$$libinit$$0000002E)
    .ARM.Collect$$libinit$$00000030          0x08000202   Section        0  libinit2.o(.ARM.Collect$$libinit$$00000030)
    .ARM.Collect$$libinit$$00000032          0x08000202   Section        0  libinit2.o(.ARM.Collect$$libinit$$00000032)
    .ARM.Collect$$libinit$$00000033          0x08000202   Section        2  libinit2.o(.ARM.Collect$$libinit$$00000033)
    .ARM.Collect$$libshutdown$$00000000      0x08000204   Section        2  libshutdown.o(.ARM.Collect$$libshutdown$$00000000)
    .ARM.Collect$$libshutdown$$00000002      0x08000206   Section        0  libshutdown2.o(.ARM.Collect$$libshutdown$$00000002)
    .ARM.Collect$$libshutdown$$00000004      0x08000206   Section        0  libshutdown2.o(.ARM.Collect$$libshutdown$$00000004)
    .ARM.Collect$$libshutdown$$00000007      0x08000206   Section        0  libshutdown2.o(.ARM.Collect$$libshutdown$$00000007)
    .ARM.Collect$$libshutdown$$0000000A      0x08000206   Section        0  libshutdown2.o(.ARM.Collect$$libshutdown$$0000000A)
    .ARM.Collect$$libshutdown$$0000000C      0x08000206   Section        0  libshutdown2.o(.ARM.Collect$$libshutdown$$0000000C)
    .ARM.Collect$$libshutdown$$0000000F      0x08000206   Section        0  libshutdown2.o(.ARM.Collect$$libshutdown$$0000000F)
    .ARM.Collect$$libshutdown$$00000010      0x08000206   Section        2  libshutdown2.o(.ARM.Collect$$libshutdown$$00000010)
    .ARM.Collect$$rtentry$$00000000          0x08000208   Section        0  __rtentry.o(.ARM.Collect$$rtentry$$00000000)
    .ARM.Collect$$rtentry$$00000002          0x08000208   Section        0  __rtentry2.o(.ARM.Collect$$rtentry$$00000002)
    .ARM.Collect$$rtentry$$00000004          0x08000208   Section        6  __rtentry4.o(.ARM.Collect$$rtentry$$00000004)
    .ARM.Collect$$rtentry$$00000009          0x0800020e   Section        0  __rtentry2.o(.ARM.Collect$$rtentry$$00000009)
    .ARM.Collect$$rtentry$$0000000A          0x0800020e   Section        4  __rtentry2.o(.ARM.Collect$$rtentry$$0000000A)
    .ARM.Collect$$rtentry$$0000000B          0x08000212   Section        8  __rtentry2.o(.ARM.Collect$$rtentry$$0000000B)
    .ARM.Collect$$rtentry$$0000000D          0x0800021a   Section        8  __rtentry2.o(.ARM.Collect$$rtentry$$0000000D)
    .ARM.Collect$$rtexit$$00000000           0x08000222   Section        2  rtexit.o(.ARM.Collect$$rtexit$$00000000)
    .ARM.Collect$$rtexit$$00000002           0x08000224   Section        0  rtexit2.o(.ARM.Collect$$rtexit$$00000002)
    .ARM.Collect$$rtexit$$00000003           0x08000224   Section        4  rtexit2.o(.ARM.Collect$$rtexit$$00000003)
    .ARM.Collect$$rtexit$$00000004           0x08000228   Section        6  rtexit2.o(.ARM.Collect$$rtexit$$00000004)
    .emb_text                                0x08000230   Section       28  rtx_conf_cm.o(.emb_text)
    $v0                                      0x08000230   Number         0  rtx_conf_cm.o(.emb_text)
    .emb_text                                0x0800024c   Section      408  hal_cm4.o(.emb_text)
    $v0                                      0x0800024c   Number         0  hal_cm4.o(.emb_text)
    .text                                    0x080003e4   Section       64  startup_stm32f407xx.o(.text)
    $v0                                      0x080003e4   Number         0  startup_stm32f407xx.o(.text)
    .text                                    0x08000424   Section        8  libspace.o(.text)
    .text                                    0x0800042c   Section        0  exit.o(.text)
    .text                                    0x0800043e   Section        0  heapauxi.o(.text)
    .text                                    0x08000444   Section        0  sys_exit.o(.text)
    .text                                    0x08000450   Section       74  sys_stackheap_outer.o(.text)
    .text                                    0x0800049a   Section        2  use_no_semi.o(.text)
    .text                                    0x0800049c   Section        0  indicate_semi.o(.text)
    SVC_TABLE                                0x0800049c   Section        4  svc_table.o(SVC_TABLE)
    i.GPIO_Init                              0x080004a0   Section        0  stm32f4xx_gpio.o(i.GPIO_Init)
    i.GPIO_PinAFConfig                       0x08000530   Section        0  stm32f4xx_gpio.o(i.GPIO_PinAFConfig)
    i.GPIO_ResetBits                         0x08000576   Section        0  stm32f4xx_gpio.o(i.GPIO_ResetBits)
    i.GPIO_SetBits                           0x0800057a   Section        0  stm32f4xx_gpio.o(i.GPIO_SetBits)
    i.Init                                   0x08000580   Section        0  main.o(i.Init)
    i.RCC_AHB1PeriphClockCmd                 0x08000684   Section        0  stm32f4xx_rcc.o(i.RCC_AHB1PeriphClockCmd)
    i.RCC_APB2PeriphClockCmd                 0x080006a4   Section        0  stm32f4xx_rcc.o(i.RCC_APB2PeriphClockCmd)
    i.SPI_Cmd                                0x080006c4   Section        0  stm32f4xx_spi.o(i.SPI_Cmd)
    i.SPI_I2S_GetFlagStatus                  0x080006dc   Section        0  stm32f4xx_spi.o(i.SPI_I2S_GetFlagStatus)
    i.SPI_I2S_ReceiveData                    0x080006ee   Section        0  stm32f4xx_spi.o(i.SPI_I2S_ReceiveData)
    i.SPI_I2S_SendData                       0x080006f4   Section        0  stm32f4xx_spi.o(i.SPI_I2S_SendData)
    i.SPI_Init                               0x080006f8   Section        0  stm32f4xx_spi.o(i.SPI_Init)
    i.SystemInit                             0x08000734   Section        0  system_stm32f4xx.o(i.SystemInit)
    i._init_box                              0x08000798   Section        0  rt_membox.o(i._init_box)
    i._mutex_acquire                         0x080007e0   Section        0  rtx_conf_cm.o(i._mutex_acquire)
    __tagsym$$used                           0x080007e1   Number         0  rtx_conf_cm.o(i._mutex_acquire)
    i._mutex_release                         0x08000800   Section        0  rtx_conf_cm.o(i._mutex_release)
    __tagsym$$used                           0x08000801   Number         0  rtx_conf_cm.o(i._mutex_release)
    i.dbg_init                               0x0800081c   Section        0  hal_cm.o(i.dbg_init)
    i.dbg_task_notify                        0x0800084c   Section        0  hal_cm.o(i.dbg_task_notify)
    i.dbg_task_switch                        0x0800086c   Section        0  hal_cm.o(i.dbg_task_switch)
    i.h_drv_Allow_Data_Writing               0x0800087c   Section        0  main.o(i.h_drv_Allow_Data_Writing)
    i.h_drv_Byte_Program_Write_Byte          0x080008b0   Section        0  main.o(i.h_drv_Byte_Program_Write_Byte)
    i.h_drv_Read_Status_Register             0x08000900   Section        0  main.o(i.h_drv_Read_Status_Register)
    i.h_drv_SPI_CS_Disable                   0x0800092c   Section        0  main.o(i.h_drv_SPI_CS_Disable)
    i.h_drv_SPI_CS_Enable                    0x0800093c   Section        0  main.o(i.h_drv_SPI_CS_Enable)
    i.h_drv_SPI_Write_Byte                   0x0800094c   Section        0  main.o(i.h_drv_SPI_Write_Byte)
    i.h_drv_Sector_Erase                     0x08000984   Section        0  main.o(i.h_drv_Sector_Erase)
    i.h_drv_Write_Array                      0x080009cc   Section        0  main.o(i.h_drv_Write_Array)
    i.isrMessageGet                          0x080009ec   Section        0  rt_cmsis.o(i.isrMessageGet)
    i.isrMessagePut                          0x08000a16   Section        0  rt_cmsis.o(i.isrMessagePut)
    i.isr_mbx_receive                        0x08000a44   Section        0  rt_mailbox.o(i.isr_mbx_receive)
    i.isr_mbx_send                           0x08000a9a   Section        0  rt_mailbox.o(i.isr_mbx_send)
    i.main                                   0x08000aa8   Section        0  main.o(i.main)
    i.next_Add                               0x08000aec   Section        0  main.o(i.next_Add)
    i.osKernelInitialize                     0x08000af4   Section        0  rt_cmsis.o(i.osKernelInitialize)
    i.osKernelStart                          0x08000b18   Section        0  rt_cmsis.o(i.osKernelStart)
    i.osMessageGet                           0x08000b84   Section        0  rt_cmsis.o(i.osMessageGet)
    i.osThreadCreate                         0x08000b9c   Section        0  rt_cmsis.o(i.osThreadCreate)
    i.osThreadExit                           0x08000bc8   Section        0  rt_cmsis.o(i.osThreadExit)
    i.osTimerCall                            0x08000be0   Section        0  rt_cmsis.o(i.osTimerCall)
    i.osTimerThread                          0x08000bec   Section        0  rt_cmsis.o(i.osTimerThread)
    i.os_error                               0x08000c18   Section        0  rtx_conf_cm.o(i.os_error)
    i.os_idle_demon                          0x08000c3a   Section        0  rtx_conf_cm.o(i.os_idle_demon)
    i.os_tick_init                           0x08000c40   Section        0  rt_system.o(i.os_tick_init)
    i.os_tick_irqack                         0x08000c68   Section        0  rt_system.o(i.os_tick_irqack)
    i.rt_alloc_box                           0x08000c6a   Section        0  rt_membox.o(i.rt_alloc_box)
    i.rt_alloc_mem                           0x08000c84   Section        0  rt_memory.o(i.rt_alloc_mem)
    i.rt_block                               0x08000cc4   Section        0  rt_task.o(i.rt_block)
    i.rt_chk_robin                           0x08000cfc   Section        0  rt_robin.o(i.rt_chk_robin)
    i.rt_dec_dly                             0x08000d44   Section        0  rt_list.o(i.rt_dec_dly)
    i.rt_dispatch                            0x08000db4   Section        0  rt_task.o(i.rt_dispatch)
    i.rt_evt_psh                             0x08000df8   Section        0  rt_event.o(i.rt_evt_psh)
    i.rt_free_box                            0x08000e48   Section        0  rt_membox.o(i.rt_free_box)
    i.rt_free_mem                            0x08000e74   Section        0  rt_memory.o(i.rt_free_mem)
    i.rt_get_first                           0x08000e9c   Section        0  rt_list.o(i.rt_get_first)
    i.rt_id2obj                              0x08000ec4   Section        0  rt_cmsis.o(i.rt_id2obj)
    rt_id2obj                                0x08000ec5   Thumb Code     8  rt_cmsis.o(i.rt_id2obj)
    i.rt_init_context                        0x08000ecc   Section        0  rt_task.o(i.rt_init_context)
    rt_init_context                          0x08000ecd   Thumb Code    66  rt_task.o(i.rt_init_context)
    i.rt_init_mem                            0x08000f14   Section        0  rt_memory.o(i.rt_init_mem)
    i.rt_init_robin                          0x08000f30   Section        0  rt_robin.o(i.rt_init_robin)
    i.rt_init_stack                          0x08000f48   Section        0  hal_cm.o(i.rt_init_stack)
    i.rt_mbx_check                           0x08000fc8   Section        0  rt_mailbox.o(i.rt_mbx_check)
    i.rt_mbx_init                            0x08000fd0   Section        0  rt_mailbox.o(i.rt_mbx_init)
    i.rt_mbx_psh                             0x08000fec   Section        0  rt_mailbox.o(i.rt_mbx_psh)
    i.rt_mbx_wait                            0x080010dc   Section        0  rt_mailbox.o(i.rt_mbx_wait)
    i.rt_ms2tick                             0x08001190   Section        0  rt_cmsis.o(i.rt_ms2tick)
    rt_ms2tick                               0x08001191   Thumb Code    58  rt_cmsis.o(i.rt_ms2tick)
    i.rt_mut_release                         0x080011d4   Section        0  rt_mutex.o(i.rt_mut_release)
    i.rt_mut_wait                            0x080012ac   Section        0  rt_mutex.o(i.rt_mut_wait)
    i.rt_pop_req                             0x08001324   Section        0  rt_system.o(i.rt_pop_req)
    i.rt_psh_req                             0x080013a0   Section        0  rt_system.o(i.rt_psh_req)
    i.rt_psq_enq                             0x080013c0   Section        0  rt_list.o(i.rt_psq_enq)
    i.rt_put_dly                             0x0800141c   Section        0  rt_list.o(i.rt_put_dly)
    i.rt_put_prio                            0x08001464   Section        0  rt_list.o(i.rt_put_prio)
    i.rt_put_rdy_first                       0x0800149c   Section        0  rt_list.o(i.rt_put_rdy_first)
    i.rt_resort_prio                         0x080014b0   Section        0  rt_list.o(i.rt_resort_prio)
    i.rt_ret_regs                            0x080014e4   Section        0  hal_cm.o(i.rt_ret_regs)
    rt_ret_regs                              0x080014e5   Thumb Code    16  hal_cm.o(i.rt_ret_regs)
    i.rt_ret_val                             0x080014f4   Section        0  hal_cm.o(i.rt_ret_val)
    i.rt_ret_val2                            0x08001500   Section        0  hal_cm.o(i.rt_ret_val2)
    i.rt_rmv_dly                             0x08001510   Section        0  rt_list.o(i.rt_rmv_dly)
    i.rt_rmv_list                            0x08001538   Section        0  rt_list.o(i.rt_rmv_list)
    i.rt_sem_psh                             0x08001568   Section        0  rt_semaphore.o(i.rt_sem_psh)
    i.rt_stk_check                           0x0800159c   Section        0  rt_system.o(i.rt_stk_check)
    i.rt_switch_req                          0x080015c0   Section        0  rt_task.o(i.rt_switch_req)
    i.rt_sys_init                            0x080015e8   Section        0  rt_task.o(i.rt_sys_init)
    i.rt_sys_start                           0x080016b4   Section        0  rt_task.o(i.rt_sys_start)
    i.rt_systick                             0x0800172c   Section        0  rt_system.o(i.rt_systick)
    i.rt_tid2ptcb                            0x0800176c   Section        0  rt_cmsis.o(i.rt_tid2ptcb)
    rt_tid2ptcb                              0x0800176d   Thumb Code    18  rt_cmsis.o(i.rt_tid2ptcb)
    i.rt_timer_insert                        0x08001780   Section        0  rt_cmsis.o(i.rt_timer_insert)
    rt_timer_insert                          0x08001781   Thumb Code    48  rt_cmsis.o(i.rt_timer_insert)
    i.rt_tsk_create                          0x080017b4   Section        0  rt_task.o(i.rt_tsk_create)
    i.rt_tsk_delete                          0x0800183c   Section        0  rt_task.o(i.rt_tsk_delete)
    i.rt_tsk_prio                            0x080019b8   Section        0  rt_task.o(i.rt_tsk_prio)
    i.rt_tsk_self                            0x08001a34   Section        0  rt_task.o(i.rt_tsk_self)
    i.svcKernelInitialize                    0x08001a44   Section        0  rt_cmsis.o(i.svcKernelInitialize)
    i.svcKernelStart                         0x08001ab4   Section        0  rt_cmsis.o(i.svcKernelStart)
    i.svcMessageCreate                       0x08001afc   Section        0  rt_cmsis.o(i.svcMessageCreate)
    i.svcMessageGet                          0x08001b20   Section        0  rt_cmsis.o(i.svcMessageGet)
    i.svcThreadCreate                        0x08001b5c   Section        0  rt_cmsis.o(i.svcThreadCreate)
    i.svcThreadGetId                         0x08001bc8   Section        0  rt_cmsis.o(i.svcThreadGetId)
    i.svcThreadTerminate                     0x08001be4   Section        0  rt_cmsis.o(i.svcThreadTerminate)
    i.svcTimerCall                           0x08001c1c   Section        0  rt_cmsis.o(i.svcTimerCall)
    i.sysTimerTick                           0x08001c34   Section        0  rt_cmsis.o(i.sysTimerTick)
    x$fpl$fpinit                             0x08001c90   Section       10  fpinit.o(x$fpl$fpinit)
    $v0                                      0x08001c90   Number         0  fpinit.o(x$fpl$fpinit)
    .constdata                               0x08001c9c   Section      104  rtx_conf_cm.o(.constdata)
    __tagsym$$used                           0x08001cb8   Number         0  rtx_conf_cm.o(.constdata)
    __tagsym$$used                           0x08001cbc   Number         0  rtx_conf_cm.o(.constdata)
    __tagsym$$used                           0x08001cc0   Number         0  rtx_conf_cm.o(.constdata)
    __tagsym$$used                           0x08001cc4   Number         0  rtx_conf_cm.o(.constdata)
    .data                                    0x20000000   Section       10  main.o(.data)
    status                                   0x20000007   Data           1  main.o(.data)
    old_loaded_data                          0x20000008   Data           1  main.o(.data)
    loaded_data                              0x20000009   Data           1  main.o(.data)
    .data                                    0x2000000c   Section       20  rtx_conf_cm.o(.data)
    nr_mutex                                 0x2000001c   Data           4  rtx_conf_cm.o(.data)
    .data                                    0x20000020   Section        8  rt_cmsis.o(.data)
    .data                                    0x20000028   Section        8  rt_task.o(.data)
    .data                                    0x20000030   Section        8  rt_system.o(.data)
    os_lock                                  0x20000030   Data           1  rt_system.o(.data)
    os_psh_flag                              0x20000031   Data           1  rt_system.o(.data)
    pend_flags                               0x20000032   Data           1  rt_system.o(.data)
    .data                                    0x20000038   Section        4  rt_time.o(.data)
    .data                                    0x2000003c   Section        8  rt_robin.o(.data)
    .data                                    0x20000044   Section        1  hal_cm.o(.data)
    .bss                                     0x20000048   Section     3016  rtx_conf_cm.o(.bss)
    std_libspace                             0x200008f0   Data         672  rtx_conf_cm.o(.bss)
    std_libmutex                             0x20000b90   Data         128  rtx_conf_cm.o(.bss)
    .bss                                     0x20000c10   Section       52  rt_task.o(.bss)
    .bss                                     0x20000c44   Section       48  rt_list.o(.bss)
    .bss                                     0x20000c74   Section       96  libspace.o(.bss)
    HEAP                                     0x20000cd8   Section      512  startup_stm32f407xx.o(HEAP)
    Heap_Mem                                 0x20000cd8   Data         512  startup_stm32f407xx.o(HEAP)
    STACK                                    0x20000ed8   Section     1024  startup_stm32f407xx.o(STACK)
    Stack_Mem                                0x20000ed8   Data        1024  startup_stm32f407xx.o(STACK)
    __initial_sp                             0x200012d8   Data           0  startup_stm32f407xx.o(STACK)

    Global Symbols

    Symbol Name                              Value     Ov Type        Size  Object(Section)

    BuildAttributes$$THM_ISAv4$E$P$D$K$B$S$7EM$VFPi3$EXTD16$VFPS$VFMA$PE$A:L22UL41UL21$X:L11$S22US41US21$IEEE1$IW$USESV6$~STKCKD$USESV7$~SHL$OSPACE$ROPI$EBA8$UX$STANDARDLIB$REQ8$PRES8$EABIv2 0x00000000   Number         0  anon$$obj.o ABSOLUTE
    __ARM_use_no_argv                        0x00000000   Number         0  main.o ABSOLUTE
    __ARM_exceptions_init                     - Undefined Weak Reference
    __alloca_initialize                       - Undefined Weak Reference
    __arm_preinit_                            - Undefined Weak Reference
    __cpp_initialize__aeabi_                  - Undefined Weak Reference
    __cxa_finalize                            - Undefined Weak Reference
    __rt_locale                               - Undefined Weak Reference
    __sigvec_lookup                           - Undefined Weak Reference
    _atexit_init                              - Undefined Weak Reference
    _call_atexit_fns                          - Undefined Weak Reference
    _clock_init                               - Undefined Weak Reference
    _fp_trap_init                             - Undefined Weak Reference
    _fp_trap_shutdown                         - Undefined Weak Reference
    _get_lc_collate                           - Undefined Weak Reference
    _get_lc_ctype                             - Undefined Weak Reference
    _get_lc_monetary                          - Undefined Weak Reference
    _get_lc_numeric                           - Undefined Weak Reference
    _get_lc_time                              - Undefined Weak Reference
    _getenv_init                              - Undefined Weak Reference
    _handle_redirection                       - Undefined Weak Reference
    _init_alloc                               - Undefined Weak Reference
    _init_user_alloc                          - Undefined Weak Reference
    _initio                                   - Undefined Weak Reference
    _rand_init                                - Undefined Weak Reference
    _signal_finish                            - Undefined Weak Reference
    _signal_init                              - Undefined Weak Reference
    _terminate_alloc                          - Undefined Weak Reference
    _terminate_user_alloc                     - Undefined Weak Reference
    _terminateio                              - Undefined Weak Reference
    __Vectors_Size                           0x00000188   Number         0  startup_stm32f407xx.o ABSOLUTE
    __RL_RTX_VER                             0x00000482   Number         0  rt_system.o ABSOLUTE
    __Vectors                                0x08000000   Data           4  startup_stm32f407xx.o(RESET)
    __Vectors_End                            0x08000188   Data           0  startup_stm32f407xx.o(RESET)
    __main                                   0x08000189   Thumb Code     8  __main.o(!!!main)
    __scatterload                            0x08000191   Thumb Code     0  __scatter.o(!!!scatter)
    __scatterload_rt2                        0x08000191   Thumb Code    44  __scatter.o(!!!scatter)
    __scatterload_rt2_thumb_only             0x08000191   Thumb Code     0  __scatter.o(!!!scatter)
    __scatterload_null                       0x0800019f   Thumb Code     0  __scatter.o(!!!scatter)
    __scatterload_copy                       0x080001c5   Thumb Code    26  __scatter_copy.o(!!handler_copy)
    __scatterload_zeroinit                   0x080001e1   Thumb Code    28  __scatter_zi.o(!!handler_zi)
    __rt_lib_init                            0x080001fd   Thumb Code     0  libinit.o(.ARM.Collect$$libinit$$00000000)
    __rt_lib_init_fp_1                       0x080001ff   Thumb Code     0  libinit2.o(.ARM.Collect$$libinit$$00000001)
    __rt_lib_init_alloca_1                   0x08000203   Thumb Code     0  libinit2.o(.ARM.Collect$$libinit$$0000002E)
    __rt_lib_init_argv_1                     0x08000203   Thumb Code     0  libinit2.o(.ARM.Collect$$libinit$$0000002C)
    __rt_lib_init_atexit_1                   0x08000203   Thumb Code     0  libinit2.o(.ARM.Collect$$libinit$$0000001B)
    __rt_lib_init_clock_1                    0x08000203   Thumb Code     0  libinit2.o(.ARM.Collect$$libinit$$00000021)
    __rt_lib_init_cpp_1                      0x08000203   Thumb Code     0  libinit2.o(.ARM.Collect$$libinit$$00000032)
    __rt_lib_init_exceptions_1               0x08000203   Thumb Code     0  libinit2.o(.ARM.Collect$$libinit$$00000030)
    __rt_lib_init_fp_trap_1                  0x08000203   Thumb Code     0  libinit2.o(.ARM.Collect$$libinit$$0000001F)
    __rt_lib_init_getenv_1                   0x08000203   Thumb Code     0  libinit2.o(.ARM.Collect$$libinit$$00000023)
    __rt_lib_init_heap_1                     0x08000203   Thumb Code     0  libinit2.o(.ARM.Collect$$libinit$$0000000A)
    __rt_lib_init_lc_collate_1               0x08000203   Thumb Code     0  libinit2.o(.ARM.Collect$$libinit$$00000011)
    __rt_lib_init_lc_ctype_1                 0x08000203   Thumb Code     0  libinit2.o(.ARM.Collect$$libinit$$00000013)
    __rt_lib_init_lc_monetary_1              0x08000203   Thumb Code     0  libinit2.o(.ARM.Collect$$libinit$$00000015)
    __rt_lib_init_lc_numeric_1               0x08000203   Thumb Code     0  libinit2.o(.ARM.Collect$$libinit$$00000017)
    __rt_lib_init_lc_time_1                  0x08000203   Thumb Code     0  libinit2.o(.ARM.Collect$$libinit$$00000019)
    __rt_lib_init_preinit_1                  0x08000203   Thumb Code     0  libinit2.o(.ARM.Collect$$libinit$$00000004)
    __rt_lib_init_rand_1                     0x08000203   Thumb Code     0  libinit2.o(.ARM.Collect$$libinit$$0000000E)
    __rt_lib_init_return                     0x08000203   Thumb Code     0  libinit2.o(.ARM.Collect$$libinit$$00000033)
    __rt_lib_init_signal_1                   0x08000203   Thumb Code     0  libinit2.o(.ARM.Collect$$libinit$$0000001D)
    __rt_lib_init_stdio_1                    0x08000203   Thumb Code     0  libinit2.o(.ARM.Collect$$libinit$$00000025)
    __rt_lib_init_user_alloc_1               0x08000203   Thumb Code     0  libinit2.o(.ARM.Collect$$libinit$$0000000C)
    __rt_lib_shutdown                        0x08000205   Thumb Code     0  libshutdown.o(.ARM.Collect$$libshutdown$$00000000)
    __rt_lib_shutdown_cpp_1                  0x08000207   Thumb Code     0  libshutdown2.o(.ARM.Collect$$libshutdown$$00000002)
    __rt_lib_shutdown_fp_trap_1              0x08000207   Thumb Code     0  libshutdown2.o(.ARM.Collect$$libshutdown$$00000007)
    __rt_lib_shutdown_heap_1                 0x08000207   Thumb Code     0  libshutdown2.o(.ARM.Collect$$libshutdown$$0000000F)
    __rt_lib_shutdown_return                 0x08000207   Thumb Code     0  libshutdown2.o(.ARM.Collect$$libshutdown$$00000010)
    __rt_lib_shutdown_signal_1               0x08000207   Thumb Code     0  libshutdown2.o(.ARM.Collect$$libshutdown$$0000000A)
    __rt_lib_shutdown_stdio_1                0x08000207   Thumb Code     0  libshutdown2.o(.ARM.Collect$$libshutdown$$00000004)
    __rt_lib_shutdown_user_alloc_1           0x08000207   Thumb Code     0  libshutdown2.o(.ARM.Collect$$libshutdown$$0000000C)
    __rt_entry                               0x08000209   Thumb Code     0  __rtentry.o(.ARM.Collect$$rtentry$$00000000)
    __rt_entry_presh_1                       0x08000209   Thumb Code     0  __rtentry2.o(.ARM.Collect$$rtentry$$00000002)
    __rt_entry_sh                            0x08000209   Thumb Code     0  __rtentry4.o(.ARM.Collect$$rtentry$$00000004)
    __rt_entry_li                            0x0800020f   Thumb Code     0  __rtentry2.o(.ARM.Collect$$rtentry$$0000000A)
    __rt_entry_postsh_1                      0x0800020f   Thumb Code     0  __rtentry2.o(.ARM.Collect$$rtentry$$00000009)
    __rt_entry_postli_1                      0x08000213   Thumb Code     0  __rtentry2.o(.ARM.Collect$$rtentry$$0000000B)
    __rt_entry_main                          0x0800021b   Thumb Code     0  __rtentry2.o(.ARM.Collect$$rtentry$$0000000D)
    __rt_exit                                0x08000223   Thumb Code     0  rtexit.o(.ARM.Collect$$rtexit$$00000000)
    __rt_exit_ls                             0x08000225   Thumb Code     0  rtexit2.o(.ARM.Collect$$rtexit$$00000003)
    __rt_exit_prels_1                        0x08000225   Thumb Code     0  rtexit2.o(.ARM.Collect$$rtexit$$00000002)
    __rt_exit_exit                           0x08000229   Thumb Code     0  rtexit2.o(.ARM.Collect$$rtexit$$00000004)
    _platform_post_lib_init                  0x08000231   Thumb Code    24  rtx_conf_cm.o(.emb_text)
    rt_set_PSP                               0x0800024d   Thumb Code     6  hal_cm4.o(.emb_text)
    rt_get_PSP                               0x08000253   Thumb Code     6  hal_cm4.o(.emb_text)
    os_set_env                               0x08000259   Thumb Code    24  hal_cm4.o(.emb_text)
    _alloc_box                               0x08000275   Thumb Code    28  hal_cm4.o(.emb_text)
    _free_box                                0x08000295   Thumb Code    28  hal_cm4.o(.emb_text)
    SVC_Handler                              0x080002b5   Thumb Code   168  hal_cm4.o(.emb_text)
    PendSV_Handler                           0x0800036d   Thumb Code    96  hal_cm4.o(.emb_text)
    SysTick_Handler                          0x080003d1   Thumb Code     8  hal_cm4.o(.emb_text)
    OS_Tick_Handler                          0x080003d9   Thumb Code    12  hal_cm4.o(.emb_text)
    Reset_Handler                            0x080003e5   Thumb Code     8  startup_stm32f407xx.o(.text)
    NMI_Handler                              0x080003ed   Thumb Code     2  startup_stm32f407xx.o(.text)
    HardFault_Handler                        0x080003ef   Thumb Code     2  startup_stm32f407xx.o(.text)
    MemManage_Handler                        0x080003f1   Thumb Code     2  startup_stm32f407xx.o(.text)
    BusFault_Handler                         0x080003f3   Thumb Code     2  startup_stm32f407xx.o(.text)
    UsageFault_Handler                       0x080003f5   Thumb Code     2  startup_stm32f407xx.o(.text)
    DebugMon_Handler                         0x080003f9   Thumb Code     2  startup_stm32f407xx.o(.text)
    ADC_IRQHandler                           0x080003ff   Thumb Code     0  startup_stm32f407xx.o(.text)
    CAN1_RX0_IRQHandler                      0x080003ff   Thumb Code     0  startup_stm32f407xx.o(.text)
    CAN1_RX1_IRQHandler                      0x080003ff   Thumb Code     0  startup_stm32f407xx.o(.text)
    CAN1_SCE_IRQHandler                      0x080003ff   Thumb Code     0  startup_stm32f407xx.o(.text)
    CAN1_TX_IRQHandler                       0x080003ff   Thumb Code     0  startup_stm32f407xx.o(.text)
    CAN2_RX0_IRQHandler                      0x080003ff   Thumb Code     0  startup_stm32f407xx.o(.text)
    CAN2_RX1_IRQHandler                      0x080003ff   Thumb Code     0  startup_stm32f407xx.o(.text)
    CAN2_SCE_IRQHandler                      0x080003ff   Thumb Code     0  startup_stm32f407xx.o(.text)
    CAN2_TX_IRQHandler                       0x080003ff   Thumb Code     0  startup_stm32f407xx.o(.text)
    DCMI_IRQHandler                          0x080003ff   Thumb Code     0  startup_stm32f407xx.o(.text)
    DMA1_Stream0_IRQHandler                  0x080003ff   Thumb Code     0  startup_stm32f407xx.o(.text)
    DMA1_Stream1_IRQHandler                  0x080003ff   Thumb Code     0  startup_stm32f407xx.o(.text)
    DMA1_Stream2_IRQHandler                  0x080003ff   Thumb Code     0  startup_stm32f407xx.o(.text)
    DMA1_Stream3_IRQHandler                  0x080003ff   Thumb Code     0  startup_stm32f407xx.o(.text)
    DMA1_Stream4_IRQHandler                  0x080003ff   Thumb Code     0  startup_stm32f407xx.o(.text)
    DMA1_Stream5_IRQHandler                  0x080003ff   Thumb Code     0  startup_stm32f407xx.o(.text)
    DMA1_Stream6_IRQHandler                  0x080003ff   Thumb Code     0  startup_stm32f407xx.o(.text)
    DMA1_Stream7_IRQHandler                  0x080003ff   Thumb Code     0  startup_stm32f407xx.o(.text)
    DMA2_Stream0_IRQHandler                  0x080003ff   Thumb Code     0  startup_stm32f407xx.o(.text)
    DMA2_Stream1_IRQHandler                  0x080003ff   Thumb Code     0  startup_stm32f407xx.o(.text)
    DMA2_Stream2_IRQHandler                  0x080003ff   Thumb Code     0  startup_stm32f407xx.o(.text)
    DMA2_Stream3_IRQHandler                  0x080003ff   Thumb Code     0  startup_stm32f407xx.o(.text)
    DMA2_Stream4_IRQHandler                  0x080003ff   Thumb Code     0  startup_stm32f407xx.o(.text)
    DMA2_Stream5_IRQHandler                  0x080003ff   Thumb Code     0  startup_stm32f407xx.o(.text)
    DMA2_Stream6_IRQHandler                  0x080003ff   Thumb Code     0  startup_stm32f407xx.o(.text)
    DMA2_Stream7_IRQHandler                  0x080003ff   Thumb Code     0  startup_stm32f407xx.o(.text)
    ETH_IRQHandler                           0x080003ff   Thumb Code     0  startup_stm32f407xx.o(.text)
    ETH_WKUP_IRQHandler                      0x080003ff   Thumb Code     0  startup_stm32f407xx.o(.text)
    EXTI0_IRQHandler                         0x080003ff   Thumb Code     0  startup_stm32f407xx.o(.text)
    EXTI15_10_IRQHandler                     0x080003ff   Thumb Code     0  startup_stm32f407xx.o(.text)
    EXTI1_IRQHandler                         0x080003ff   Thumb Code     0  startup_stm32f407xx.o(.text)
    EXTI2_IRQHandler                         0x080003ff   Thumb Code     0  startup_stm32f407xx.o(.text)
    EXTI3_IRQHandler                         0x080003ff   Thumb Code     0  startup_stm32f407xx.o(.text)
    EXTI4_IRQHandler                         0x080003ff   Thumb Code     0  startup_stm32f407xx.o(.text)
    EXTI9_5_IRQHandler                       0x080003ff   Thumb Code     0  startup_stm32f407xx.o(.text)
    FLASH_IRQHandler                         0x080003ff   Thumb Code     0  startup_stm32f407xx.o(.text)
    FMC_IRQHandler                           0x080003ff   Thumb Code     0  startup_stm32f407xx.o(.text)
    FPU_IRQHandler                           0x080003ff   Thumb Code     0  startup_stm32f407xx.o(.text)
    HASH_RNG_IRQHandler                      0x080003ff   Thumb Code     0  startup_stm32f407xx.o(.text)
    I2C1_ER_IRQHandler                       0x080003ff   Thumb Code     0  startup_stm32f407xx.o(.text)
    I2C1_EV_IRQHandler                       0x080003ff   Thumb Code     0  startup_stm32f407xx.o(.text)
    I2C2_ER_IRQHandler                       0x080003ff   Thumb Code     0  startup_stm32f407xx.o(.text)
    I2C2_EV_IRQHandler                       0x080003ff   Thumb Code     0  startup_stm32f407xx.o(.text)
    I2C3_ER_IRQHandler                       0x080003ff   Thumb Code     0  startup_stm32f407xx.o(.text)
    I2C3_EV_IRQHandler                       0x080003ff   Thumb Code     0  startup_stm32f407xx.o(.text)
    OTG_FS_IRQHandler                        0x080003ff   Thumb Code     0  startup_stm32f407xx.o(.text)
    OTG_FS_WKUP_IRQHandler                   0x080003ff   Thumb Code     0  startup_stm32f407xx.o(.text)
    OTG_HS_EP1_IN_IRQHandler                 0x080003ff   Thumb Code     0  startup_stm32f407xx.o(.text)
    OTG_HS_EP1_OUT_IRQHandler                0x080003ff   Thumb Code     0  startup_stm32f407xx.o(.text)
    OTG_HS_IRQHandler                        0x080003ff   Thumb Code     0  startup_stm32f407xx.o(.text)
    OTG_HS_WKUP_IRQHandler                   0x080003ff   Thumb Code     0  startup_stm32f407xx.o(.text)
    PVD_IRQHandler                           0x080003ff   Thumb Code     0  startup_stm32f407xx.o(.text)
    RCC_IRQHandler                           0x080003ff   Thumb Code     0  startup_stm32f407xx.o(.text)
    RTC_Alarm_IRQHandler                     0x080003ff   Thumb Code     0  startup_stm32f407xx.o(.text)
    RTC_WKUP_IRQHandler                      0x080003ff   Thumb Code     0  startup_stm32f407xx.o(.text)
    SDIO_IRQHandler                          0x080003ff   Thumb Code     0  startup_stm32f407xx.o(.text)
    SPI1_IRQHandler                          0x080003ff   Thumb Code     0  startup_stm32f407xx.o(.text)
    SPI2_IRQHandler                          0x080003ff   Thumb Code     0  startup_stm32f407xx.o(.text)
    SPI3_IRQHandler                          0x080003ff   Thumb Code     0  startup_stm32f407xx.o(.text)
    TAMP_STAMP_IRQHandler                    0x080003ff   Thumb Code     0  startup_stm32f407xx.o(.text)
    TIM1_BRK_TIM9_IRQHandler                 0x080003ff   Thumb Code     0  startup_stm32f407xx.o(.text)
    TIM1_CC_IRQHandler                       0x080003ff   Thumb Code     0  startup_stm32f407xx.o(.text)
    TIM1_TRG_COM_TIM11_IRQHandler            0x080003ff   Thumb Code     0  startup_stm32f407xx.o(.text)
    TIM1_UP_TIM10_IRQHandler                 0x080003ff   Thumb Code     0  startup_stm32f407xx.o(.text)
    TIM2_IRQHandler                          0x080003ff   Thumb Code     0  startup_stm32f407xx.o(.text)
    TIM3_IRQHandler                          0x080003ff   Thumb Code     0  startup_stm32f407xx.o(.text)
    TIM4_IRQHandler                          0x080003ff   Thumb Code     0  startup_stm32f407xx.o(.text)
    TIM5_IRQHandler                          0x080003ff   Thumb Code     0  startup_stm32f407xx.o(.text)
    TIM6_DAC_IRQHandler                      0x080003ff   Thumb Code     0  startup_stm32f407xx.o(.text)
    TIM7_IRQHandler                          0x080003ff   Thumb Code     0  startup_stm32f407xx.o(.text)
    TIM8_BRK_TIM12_IRQHandler                0x080003ff   Thumb Code     0  startup_stm32f407xx.o(.text)
    TIM8_CC_IRQHandler                       0x080003ff   Thumb Code     0  startup_stm32f407xx.o(.text)
    TIM8_TRG_COM_TIM14_IRQHandler            0x080003ff   Thumb Code     0  startup_stm32f407xx.o(.text)
    TIM8_UP_TIM13_IRQHandler                 0x080003ff   Thumb Code     0  startup_stm32f407xx.o(.text)
    UART4_IRQHandler                         0x080003ff   Thumb Code     0  startup_stm32f407xx.o(.text)
    UART5_IRQHandler                         0x080003ff   Thumb Code     0  startup_stm32f407xx.o(.text)
    USART1_IRQHandler                        0x080003ff   Thumb Code     0  startup_stm32f407xx.o(.text)
    USART2_IRQHandler                        0x080003ff   Thumb Code     0  startup_stm32f407xx.o(.text)
    USART3_IRQHandler                        0x080003ff   Thumb Code     0  startup_stm32f407xx.o(.text)
    USART6_IRQHandler                        0x080003ff   Thumb Code     0  startup_stm32f407xx.o(.text)
    WWDG_IRQHandler                          0x080003ff   Thumb Code     0  startup_stm32f407xx.o(.text)
    __user_initial_stackheap                 0x08000401   Thumb Code     0  startup_stm32f407xx.o(.text)
    __user_libspace                          0x08000425   Thumb Code     8  libspace.o(.text)
    __user_perproc_libspace                  0x08000425   Thumb Code     0  libspace.o(.text)
    exit                                     0x0800042d   Thumb Code    18  exit.o(.text)
    __use_two_region_memory                  0x0800043f   Thumb Code     2  heapauxi.o(.text)
    __rt_heap_escrow$2region                 0x08000441   Thumb Code     2  heapauxi.o(.text)
    __rt_heap_expand$2region                 0x08000443   Thumb Code     2  heapauxi.o(.text)
    _sys_exit                                0x08000445   Thumb Code     8  sys_exit.o(.text)
    __user_setup_stackheap                   0x08000451   Thumb Code    74  sys_stackheap_outer.o(.text)
    __I$use$semihosting                      0x0800049b   Thumb Code     0  use_no_semi.o(.text)
    __use_no_semihosting_swi                 0x0800049b   Thumb Code     2  use_no_semi.o(.text)
    SVC_Count                                0x0800049c   Data           4  svc_table.o(SVC_TABLE)
    __semihosting_library_function           0x0800049d   Thumb Code     0  indicate_semi.o(.text)
    GPIO_Init                                0x080004a1   Thumb Code   144  stm32f4xx_gpio.o(i.GPIO_Init)
    SVC_Table                                0x080004a0   Data           0  svc_table.o(SVC_TABLE)
    GPIO_PinAFConfig                         0x08000531   Thumb Code    70  stm32f4xx_gpio.o(i.GPIO_PinAFConfig)
    GPIO_ResetBits                           0x08000577   Thumb Code     4  stm32f4xx_gpio.o(i.GPIO_ResetBits)
    GPIO_SetBits                             0x0800057b   Thumb Code     4  stm32f4xx_gpio.o(i.GPIO_SetBits)
    Init                                     0x08000581   Thumb Code   244  main.o(i.Init)
    RCC_AHB1PeriphClockCmd                   0x08000685   Thumb Code    26  stm32f4xx_rcc.o(i.RCC_AHB1PeriphClockCmd)
    RCC_APB2PeriphClockCmd                   0x080006a5   Thumb Code    26  stm32f4xx_rcc.o(i.RCC_APB2PeriphClockCmd)
    SPI_Cmd                                  0x080006c5   Thumb Code    24  stm32f4xx_spi.o(i.SPI_Cmd)
    SPI_I2S_GetFlagStatus                    0x080006dd   Thumb Code    18  stm32f4xx_spi.o(i.SPI_I2S_GetFlagStatus)
    SPI_I2S_ReceiveData                      0x080006ef   Thumb Code     6  stm32f4xx_spi.o(i.SPI_I2S_ReceiveData)
    SPI_I2S_SendData                         0x080006f5   Thumb Code     4  stm32f4xx_spi.o(i.SPI_I2S_SendData)
    SPI_Init                                 0x080006f9   Thumb Code    60  stm32f4xx_spi.o(i.SPI_Init)
    SystemInit                               0x08000735   Thumb Code    82  system_stm32f4xx.o(i.SystemInit)
    _init_box                                0x08000799   Thumb Code    70  rt_membox.o(i._init_box)
    _mutex_acquire                           0x080007e1   Thumb Code    22  rtx_conf_cm.o(i._mutex_acquire)
    _mutex_release                           0x08000801   Thumb Code    18  rtx_conf_cm.o(i._mutex_release)
    dbg_init                                 0x0800081d   Thumb Code    34  hal_cm.o(i.dbg_init)
    dbg_task_notify                          0x0800084d   Thumb Code    32  hal_cm.o(i.dbg_task_notify)
    dbg_task_switch                          0x0800086d   Thumb Code    16  hal_cm.o(i.dbg_task_switch)
    h_drv_Allow_Data_Writing                 0x0800087d   Thumb Code    42  main.o(i.h_drv_Allow_Data_Writing)
    h_drv_Byte_Program_Write_Byte            0x080008b1   Thumb Code    70  main.o(i.h_drv_Byte_Program_Write_Byte)
    h_drv_Read_Status_Register               0x08000901   Thumb Code    34  main.o(i.h_drv_Read_Status_Register)
    h_drv_SPI_CS_Disable                     0x0800092d   Thumb Code    12  main.o(i.h_drv_SPI_CS_Disable)
    h_drv_SPI_CS_Enable                      0x0800093d   Thumb Code    12  main.o(i.h_drv_SPI_CS_Enable)
    h_drv_SPI_Write_Byte                     0x0800094d   Thumb Code    50  main.o(i.h_drv_SPI_Write_Byte)
    h_drv_Sector_Erase                       0x08000985   Thumb Code    62  main.o(i.h_drv_Sector_Erase)
    h_drv_Write_Array                        0x080009cd   Thumb Code    32  main.o(i.h_drv_Write_Array)
    isrMessageGet                            0x080009ed   Thumb Code    42  rt_cmsis.o(i.isrMessageGet)
    isrMessagePut                            0x08000a17   Thumb Code    44  rt_cmsis.o(i.isrMessagePut)
    isr_mbx_receive                          0x08000a45   Thumb Code    86  rt_mailbox.o(i.isr_mbx_receive)
    isr_mbx_send                             0x08000a9b   Thumb Code    14  rt_mailbox.o(i.isr_mbx_send)
    main                                     0x08000aa9   Thumb Code    46  main.o(i.main)
    next_Add                                 0x08000aed   Thumb Code     8  main.o(i.next_Add)
    osKernelInitialize                       0x08000af5   Thumb Code    30  rt_cmsis.o(i.osKernelInitialize)
    osKernelStart                            0x08000b19   Thumb Code    98  rt_cmsis.o(i.osKernelStart)
    osMessageGet                             0x08000b85   Thumb Code    18  rt_cmsis.o(i.osMessageGet)
    osThreadCreate                           0x08000b9d   Thumb Code    36  rt_cmsis.o(i.osThreadCreate)
    osThreadExit                             0x08000bc9   Thumb Code    14  rt_cmsis.o(i.osThreadExit)
    osTimerCall                              0x08000be1   Thumb Code     8  rt_cmsis.o(i.osTimerCall)
    osTimerThread                            0x08000bed   Thumb Code    38  rt_cmsis.o(i.osTimerThread)
    os_error                                 0x08000c19   Thumb Code    34  rtx_conf_cm.o(i.os_error)
    os_idle_demon                            0x08000c3b   Thumb Code     4  rtx_conf_cm.o(i.os_idle_demon)
    os_tick_init                             0x08000c41   Thumb Code    32  rt_system.o(i.os_tick_init)
    os_tick_irqack                           0x08000c69   Thumb Code     2  rt_system.o(i.os_tick_irqack)
    rt_alloc_box                             0x08000c6b   Thumb Code    26  rt_membox.o(i.rt_alloc_box)
    rt_alloc_mem                             0x08000c85   Thumb Code    62  rt_memory.o(i.rt_alloc_mem)
    rt_block                                 0x08000cc5   Thumb Code    48  rt_task.o(i.rt_block)
    rt_chk_robin                             0x08000cfd   Thumb Code    60  rt_robin.o(i.rt_chk_robin)
    rt_dec_dly                               0x08000d45   Thumb Code   102  rt_list.o(i.rt_dec_dly)
    rt_dispatch                              0x08000db5   Thumb Code    60  rt_task.o(i.rt_dispatch)
    rt_evt_psh                               0x08000df9   Thumb Code    76  rt_event.o(i.rt_evt_psh)
    rt_free_box                              0x08000e49   Thumb Code    44  rt_membox.o(i.rt_free_box)
    rt_free_mem                              0x08000e75   Thumb Code    40  rt_memory.o(i.rt_free_mem)
    rt_get_first                             0x08000e9d   Thumb Code    40  rt_list.o(i.rt_get_first)
    rt_init_mem                              0x08000f15   Thumb Code    26  rt_memory.o(i.rt_init_mem)
    rt_init_robin                            0x08000f31   Thumb Code    14  rt_robin.o(i.rt_init_robin)
    rt_init_stack                            0x08000f49   Thumb Code   118  hal_cm.o(i.rt_init_stack)
    rt_mbx_check                             0x08000fc9   Thumb Code     8  rt_mailbox.o(i.rt_mbx_check)
    rt_mbx_init                              0x08000fd1   Thumb Code    26  rt_mailbox.o(i.rt_mbx_init)
    rt_mbx_psh                               0x08000fed   Thumb Code   236  rt_mailbox.o(i.rt_mbx_psh)
    rt_mbx_wait                              0x080010dd   Thumb Code   174  rt_mailbox.o(i.rt_mbx_wait)
    rt_mut_release                           0x080011d5   Thumb Code   208  rt_mutex.o(i.rt_mut_release)
    rt_mut_wait                              0x080012ad   Thumb Code   114  rt_mutex.o(i.rt_mut_wait)
    rt_pop_req                               0x08001325   Thumb Code   112  rt_system.o(i.rt_pop_req)
    rt_psh_req                               0x080013a1   Thumb Code    22  rt_system.o(i.rt_psh_req)
    rt_psq_enq                               0x080013c1   Thumb Code    88  rt_list.o(i.rt_psq_enq)
    rt_put_dly                               0x0800141d   Thumb Code    68  rt_list.o(i.rt_put_dly)
    rt_put_prio                              0x08001465   Thumb Code    54  rt_list.o(i.rt_put_prio)
    rt_put_rdy_first                         0x0800149d   Thumb Code    14  rt_list.o(i.rt_put_rdy_first)
    rt_resort_prio                           0x080014b1   Thumb Code    46  rt_list.o(i.rt_resort_prio)
    rt_ret_val                               0x080014f5   Thumb Code    12  hal_cm.o(i.rt_ret_val)
    rt_ret_val2                              0x08001501   Thumb Code    16  hal_cm.o(i.rt_ret_val2)
    rt_rmv_dly                               0x08001511   Thumb Code    40  rt_list.o(i.rt_rmv_dly)
    rt_rmv_list                              0x08001539   Thumb Code    44  rt_list.o(i.rt_rmv_list)
    rt_sem_psh                               0x08001569   Thumb Code    48  rt_semaphore.o(i.rt_sem_psh)
    rt_stk_check                             0x0800159d   Thumb Code    28  rt_system.o(i.rt_stk_check)
    rt_switch_req                            0x080015c1   Thumb Code    30  rt_task.o(i.rt_switch_req)
    rt_sys_init                              0x080015e9   Thumb Code   138  rt_task.o(i.rt_sys_init)
    rt_sys_start                             0x080016b5   Thumb Code   110  rt_task.o(i.rt_sys_start)
    rt_systick                               0x0800172d   Thumb Code    50  rt_system.o(i.rt_systick)
    rt_tsk_create                            0x080017b5   Thumb Code   118  rt_task.o(i.rt_tsk_create)
    rt_tsk_delete                            0x0800183d   Thumb Code   352  rt_task.o(i.rt_tsk_delete)
    rt_tsk_prio                              0x080019b9   Thumb Code   108  rt_task.o(i.rt_tsk_prio)
    rt_tsk_self                              0x08001a35   Thumb Code    12  rt_task.o(i.rt_tsk_self)
    svcKernelInitialize                      0x08001a45   Thumb Code    80  rt_cmsis.o(i.svcKernelInitialize)
    svcKernelStart                           0x08001ab5   Thumb Code    62  rt_cmsis.o(i.svcKernelStart)
    svcMessageCreate                         0x08001afd   Thumb Code    36  rt_cmsis.o(i.svcMessageCreate)
    svcMessageGet                            0x08001b21   Thumb Code    58  rt_cmsis.o(i.svcMessageGet)
    svcThreadCreate                          0x08001b5d   Thumb Code    96  rt_cmsis.o(i.svcThreadCreate)
    svcThreadGetId                           0x08001bc9   Thumb Code    22  rt_cmsis.o(i.svcThreadGetId)
    svcThreadTerminate                       0x08001be5   Thumb Code    50  rt_cmsis.o(i.svcThreadTerminate)
    svcTimerCall                             0x08001c1d   Thumb Code    24  rt_cmsis.o(i.svcTimerCall)
    sysTimerTick                             0x08001c35   Thumb Code    84  rt_cmsis.o(i.sysTimerTick)
    _fp_init                                 0x08001c91   Thumb Code    10  fpinit.o(x$fpl$fpinit)
    __fplib_config_fpu_vfp                   0x08001c99   Thumb Code     0  fpinit.o(x$fpl$fpinit)
    __fplib_config_pureend_doubles           0x08001c99   Thumb Code     0  fpinit.o(x$fpl$fpinit)
    os_maxtaskrun                            0x08001c9c   Data           2  rtx_conf_cm.o(.constdata)
    os_stackinfo                             0x08001ca0   Data           4  rtx_conf_cm.o(.constdata)
    os_rrobin                                0x08001ca4   Data           4  rtx_conf_cm.o(.constdata)
    os_tickfreq                              0x08001ca8   Data           4  rtx_conf_cm.o(.constdata)
    os_tickus_i                              0x08001cac   Data           2  rtx_conf_cm.o(.constdata)
    os_tickus_f                              0x08001cae   Data           2  rtx_conf_cm.o(.constdata)
    os_trv                                   0x08001cb0   Data           4  rtx_conf_cm.o(.constdata)
    os_flags                                 0x08001cb4   Data           1  rtx_conf_cm.o(.constdata)
    CMSIS_RTOS_API_Version                   0x08001cb8   Data           4  rtx_conf_cm.o(.constdata)
    CMSIS_RTOS_RTX_Version                   0x08001cbc   Data           4  rtx_conf_cm.o(.constdata)
    os_clockrate                             0x08001cc0   Data           4  rtx_conf_cm.o(.constdata)
    os_timernum                              0x08001cc4   Data           4  rtx_conf_cm.o(.constdata)
    mp_tcb_size                              0x08001cc8   Data           2  rtx_conf_cm.o(.constdata)
    mp_stk_size                              0x08001ccc   Data           4  rtx_conf_cm.o(.constdata)
    os_stack_sz                              0x08001cd0   Data           4  rtx_conf_cm.o(.constdata)
    os_fifo_size                             0x08001cd4   Data           1  rtx_conf_cm.o(.constdata)
    os_thread_def_osTimerThread              0x08001cd8   Data          16  rtx_conf_cm.o(.constdata)
    os_messageQ_def_osTimerMessageQ          0x08001ce8   Data           8  rtx_conf_cm.o(.constdata)
    mp_tmr_size                              0x08001cf0   Data           2  rtx_conf_cm.o(.constdata)
    os_thread_def_main                       0x08001cf4   Data          16  rtx_conf_cm.o(.constdata)
    Region$$Table$$Base                      0x08001d04   Number         0  anon$$obj.o(Region$$Table)
    Region$$Table$$Limit                     0x08001d24   Number         0  anon$$obj.o(Region$$Table)
    DUMMY_BYTE                               0x20000000   Data           1  main.o(.data)
    RDSR_ADDR                                0x20000001   Data           1  main.o(.data)
    BYTE_PROGRAM                             0x20000002   Data           1  main.o(.data)
    READ                                     0x20000003   Data           1  main.o(.data)
    WREN                                     0x20000004   Data           1  main.o(.data)
    WRSR                                     0x20000005   Data           1  main.o(.data)
    SECTOR_ERASE                             0x20000006   Data           1  main.o(.data)
    osThreadId_osTimerThread                 0x2000000c   Data           4  rtx_conf_cm.o(.data)
    osMessageQId_osTimerMessageQ             0x20000010   Data           4  rtx_conf_cm.o(.data)
    os_tmr                                   0x20000014   Data           4  rtx_conf_cm.o(.data)
    m_tmr                                    0x20000018   Data           4  rtx_conf_cm.o(.data)
    os_initialized                           0x20000020   Data           1  rt_cmsis.o(.data)
    os_running                               0x20000021   Data           1  rt_cmsis.o(.data)
    os_timer_head                            0x20000024   Data           4  rt_cmsis.o(.data)
    os_tsk                                   0x20000028   Data           8  rt_task.o(.data)
    os_tick_irqn                             0x20000034   Data           4  rt_system.o(.data)
    os_time                                  0x20000038   Data           4  rt_time.o(.data)
    os_robin                                 0x2000003c   Data           8  rt_robin.o(.data)
    dbg_msg                                  0x20000044   Data           1  hal_cm.o(.data)
    mp_tcb                                   0x20000048   Data         376  rtx_conf_cm.o(.bss)
    mp_stk                                   0x200001c0   Data        1216  rtx_conf_cm.o(.bss)
    os_stack_mem                             0x20000680   Data         432  rtx_conf_cm.o(.bss)
    os_fifo                                  0x20000830   Data         132  rtx_conf_cm.o(.bss)
    os_active_TCB                            0x200008b4   Data          28  rtx_conf_cm.o(.bss)
    os_messageQ_q_osTimerMessageQ            0x200008d0   Data          32  rtx_conf_cm.o(.bss)
    os_idle_TCB                              0x20000c10   Data          52  rt_task.o(.bss)
    os_rdy                                   0x20000c44   Data          24  rt_list.o(.bss)
    os_dly                                   0x20000c5c   Data          24  rt_list.o(.bss)
    __libspace_start                         0x20000c74   Data          96  libspace.o(.bss)
    __temporary_stack_top$libspace           0x20000cd4   Data           0  libspace.o(.bss)



==============================================================================

Memory Map of the image

  Image Entry point : 0x080003e5

  Load Region LR_1 (Base: 0x08000000, Size: 0x00001d6c, Max: 0xffffffff, ABSOLUTE)

    Execution Region ER_RO (Exec base: 0x08000000, Load base: 0x08000000, Size: 0x00001d24, Max: 0xffffffff, ABSOLUTE)

    Exec Addr    Load Addr    Size         Type   Attr      Idx    E Section Name        Object

    0x08000000   0x08000000   0x00000188   Data   RO         5408    RESET               startup_stm32f407xx.o
    0x08000188   0x08000188   0x00000008   Code   RO         6677  * !!!main             c_w.l(__main.o)
    0x08000190   0x08000190   0x00000034   Code   RO         6838    !!!scatter          c_w.l(__scatter.o)
    0x080001c4   0x080001c4   0x0000001a   Code   RO         6840    !!handler_copy      c_w.l(__scatter_copy.o)
    0x080001de   0x080001de   0x00000002   PAD
    0x080001e0   0x080001e0   0x0000001c   Code   RO         6842    !!handler_zi        c_w.l(__scatter_zi.o)
    0x080001fc   0x080001fc   0x00000002   Code   RO         6724    .ARM.Collect$$libinit$$00000000  c_w.l(libinit.o)
    0x080001fe   0x080001fe   0x00000004   Code   RO         6735    .ARM.Collect$$libinit$$00000001  c_w.l(libinit2.o)
    0x08000202   0x08000202   0x00000000   Code   RO         6738    .ARM.Collect$$libinit$$00000004  c_w.l(libinit2.o)
    0x08000202   0x08000202   0x00000000   Code   RO         6741    .ARM.Collect$$libinit$$0000000A  c_w.l(libinit2.o)
    0x08000202   0x08000202   0x00000000   Code   RO         6743    .ARM.Collect$$libinit$$0000000C  c_w.l(libinit2.o)
    0x08000202   0x08000202   0x00000000   Code   RO         6745    .ARM.Collect$$libinit$$0000000E  c_w.l(libinit2.o)
    0x08000202   0x08000202   0x00000000   Code   RO         6748    .ARM.Collect$$libinit$$00000011  c_w.l(libinit2.o)
    0x08000202   0x08000202   0x00000000   Code   RO         6750    .ARM.Collect$$libinit$$00000013  c_w.l(libinit2.o)
    0x08000202   0x08000202   0x00000000   Code   RO         6752    .ARM.Collect$$libinit$$00000015  c_w.l(libinit2.o)
    0x08000202   0x08000202   0x00000000   Code   RO         6754    .ARM.Collect$$libinit$$00000017  c_w.l(libinit2.o)
    0x08000202   0x08000202   0x00000000   Code   RO         6756    .ARM.Collect$$libinit$$00000019  c_w.l(libinit2.o)
    0x08000202   0x08000202   0x00000000   Code   RO         6758    .ARM.Collect$$libinit$$0000001B  c_w.l(libinit2.o)
    0x08000202   0x08000202   0x00000000   Code   RO         6760    .ARM.Collect$$libinit$$0000001D  c_w.l(libinit2.o)
    0x08000202   0x08000202   0x00000000   Code   RO         6762    .ARM.Collect$$libinit$$0000001F  c_w.l(libinit2.o)
    0x08000202   0x08000202   0x00000000   Code   RO         6764    .ARM.Collect$$libinit$$00000021  c_w.l(libinit2.o)
    0x08000202   0x08000202   0x00000000   Code   RO         6766    .ARM.Collect$$libinit$$00000023  c_w.l(libinit2.o)
    0x08000202   0x08000202   0x00000000   Code   RO         6768    .ARM.Collect$$libinit$$00000025  c_w.l(libinit2.o)
    0x08000202   0x08000202   0x00000000   Code   RO         6772    .ARM.Collect$$libinit$$0000002C  c_w.l(libinit2.o)
    0x08000202   0x08000202   0x00000000   Code   RO         6774    .ARM.Collect$$libinit$$0000002E  c_w.l(libinit2.o)
    0x08000202   0x08000202   0x00000000   Code   RO         6776    .ARM.Collect$$libinit$$00000030  c_w.l(libinit2.o)
    0x08000202   0x08000202   0x00000000   Code   RO         6778    .ARM.Collect$$libinit$$00000032  c_w.l(libinit2.o)
    0x08000202   0x08000202   0x00000002   Code   RO         6779    .ARM.Collect$$libinit$$00000033  c_w.l(libinit2.o)
    0x08000204   0x08000204   0x00000002   Code   RO         6725    .ARM.Collect$$libshutdown$$00000000  c_w.l(libshutdown.o)
    0x08000206   0x08000206   0x00000000   Code   RO         6781    .ARM.Collect$$libshutdown$$00000002  c_w.l(libshutdown2.o)
    0x08000206   0x08000206   0x00000000   Code   RO         6783    .ARM.Collect$$libshutdown$$00000004  c_w.l(libshutdown2.o)
    0x08000206   0x08000206   0x00000000   Code   RO         6786    .ARM.Collect$$libshutdown$$00000007  c_w.l(libshutdown2.o)
    0x08000206   0x08000206   0x00000000   Code   RO         6789    .ARM.Collect$$libshutdown$$0000000A  c_w.l(libshutdown2.o)
    0x08000206   0x08000206   0x00000000   Code   RO         6791    .ARM.Collect$$libshutdown$$0000000C  c_w.l(libshutdown2.o)
    0x08000206   0x08000206   0x00000000   Code   RO         6794    .ARM.Collect$$libshutdown$$0000000F  c_w.l(libshutdown2.o)
    0x08000206   0x08000206   0x00000002   Code   RO         6795    .ARM.Collect$$libshutdown$$00000010  c_w.l(libshutdown2.o)
    0x08000208   0x08000208   0x00000000   Code   RO         6679    .ARM.Collect$$rtentry$$00000000  c_w.l(__rtentry.o)
    0x08000208   0x08000208   0x00000000   Code   RO         6687    .ARM.Collect$$rtentry$$00000002  c_w.l(__rtentry2.o)
    0x08000208   0x08000208   0x00000006   Code   RO         6699    .ARM.Collect$$rtentry$$00000004  c_w.l(__rtentry4.o)
    0x0800020e   0x0800020e   0x00000000   Code   RO         6689    .ARM.Collect$$rtentry$$00000009  c_w.l(__rtentry2.o)
    0x0800020e   0x0800020e   0x00000004   Code   RO         6690    .ARM.Collect$$rtentry$$0000000A  c_w.l(__rtentry2.o)
    0x08000212   0x08000212   0x00000008   Code   RO         6691    .ARM.Collect$$rtentry$$0000000B  c_w.l(__rtentry2.o)
    0x0800021a   0x0800021a   0x00000008   Code   RO         6693    .ARM.Collect$$rtentry$$0000000D  c_w.l(__rtentry2.o)
    0x08000222   0x08000222   0x00000002   Code   RO         6680    .ARM.Collect$$rtexit$$00000000  c_w.l(rtexit.o)
    0x08000224   0x08000224   0x00000000   Code   RO         6702    .ARM.Collect$$rtexit$$00000002  c_w.l(rtexit2.o)
    0x08000224   0x08000224   0x00000004   Code   RO         6703    .ARM.Collect$$rtexit$$00000003  c_w.l(rtexit2.o)
    0x08000228   0x08000228   0x00000006   Code   RO         6704    .ARM.Collect$$rtexit$$00000004  c_w.l(rtexit2.o)
    0x0800022e   0x0800022e   0x00000002   PAD
    0x08000230   0x08000230   0x0000001c   Code   RO         5348    .emb_text           rtx_conf_cm.o
    0x0800024c   0x0800024c   0x00000198   Code   RO         6653    .emb_text           RTX_CM4.lib(hal_cm4.o)
    0x080003e4   0x080003e4   0x00000040   Code   RO         5409  * .text               startup_stm32f407xx.o
    0x08000424   0x08000424   0x00000008   Code   RO         6668    .text               c_w.l(libspace.o)
    0x0800042c   0x0800042c   0x00000012   Code   RO         6673    .text               c_w.l(exit.o)
    0x0800043e   0x0800043e   0x00000006   Code   RO         6675    .text               c_w.l(heapauxi.o)
    0x08000444   0x08000444   0x0000000c   Code   RO         6710    .text               c_w.l(sys_exit.o)
    0x08000450   0x08000450   0x0000004a   Code   RO         6712    .text               c_w.l(sys_stackheap_outer.o)
    0x0800049a   0x0800049a   0x00000002   Code   RO         6726    .text               c_w.l(use_no_semi.o)
    0x0800049c   0x0800049c   0x00000000   Code   RO         6728    .text               c_w.l(indicate_semi.o)
    0x0800049c   0x0800049c   0x00000004   Code   RO         6663    SVC_TABLE           RTX_CM4.lib(svc_table.o)
    0x080004a0   0x080004a0   0x00000090   Code   RO         2197    i.GPIO_Init         stm32f4xx_gpio.o
    0x08000530   0x08000530   0x00000046   Code   RO         2198    i.GPIO_PinAFConfig  stm32f4xx_gpio.o
    0x08000576   0x08000576   0x00000004   Code   RO         2204    i.GPIO_ResetBits    stm32f4xx_gpio.o
    0x0800057a   0x0800057a   0x00000004   Code   RO         2205    i.GPIO_SetBits      stm32f4xx_gpio.o
    0x0800057e   0x0800057e   0x00000002   PAD
    0x08000580   0x08000580   0x00000104   Code   RO            4    i.Init              main.o
    0x08000684   0x08000684   0x00000020   Code   RO         3132    i.RCC_AHB1PeriphClockCmd  stm32f4xx_rcc.o
    0x080006a4   0x080006a4   0x00000020   Code   RO         3144    i.RCC_APB2PeriphClockCmd  stm32f4xx_rcc.o
    0x080006c4   0x080006c4   0x00000018   Code   RO         4296    i.SPI_Cmd           stm32f4xx_spi.o
    0x080006dc   0x080006dc   0x00000012   Code   RO         4304    i.SPI_I2S_GetFlagStatus  stm32f4xx_spi.o
    0x080006ee   0x080006ee   0x00000006   Code   RO         4307    i.SPI_I2S_ReceiveData  stm32f4xx_spi.o
    0x080006f4   0x080006f4   0x00000004   Code   RO         4308    i.SPI_I2S_SendData  stm32f4xx_spi.o
    0x080006f8   0x080006f8   0x0000003c   Code   RO         4309    i.SPI_Init          stm32f4xx_spi.o
    0x08000734   0x08000734   0x00000064   Code   RO         5417    i.SystemInit        system_stm32f4xx.o
    0x08000798   0x08000798   0x00000046   Code   RO         6547    i._init_box         RTX_CM4.lib(rt_membox.o)
    0x080007de   0x080007de   0x00000002   PAD
    0x080007e0   0x080007e0   0x00000020   Code   RO         5350    i._mutex_acquire    rtx_conf_cm.o
    0x08000800   0x08000800   0x0000001c   Code   RO         5352    i._mutex_release    rtx_conf_cm.o
    0x0800081c   0x0800081c   0x00000030   Code   RO         6600    i.dbg_init          RTX_CM4.lib(hal_cm.o)
    0x0800084c   0x0800084c   0x00000020   Code   RO         6601    i.dbg_task_notify   RTX_CM4.lib(hal_cm.o)
    0x0800086c   0x0800086c   0x00000010   Code   RO         6602    i.dbg_task_switch   RTX_CM4.lib(hal_cm.o)
    0x0800087c   0x0800087c   0x00000034   Code   RO            5    i.h_drv_Allow_Data_Writing  main.o
    0x080008b0   0x080008b0   0x00000050   Code   RO            6    i.h_drv_Byte_Program_Write_Byte  main.o
    0x08000900   0x08000900   0x0000002c   Code   RO            8    i.h_drv_Read_Status_Register  main.o
    0x0800092c   0x0800092c   0x00000010   Code   RO            9    i.h_drv_SPI_CS_Disable  main.o
    0x0800093c   0x0800093c   0x00000010   Code   RO           10    i.h_drv_SPI_CS_Enable  main.o
    0x0800094c   0x0800094c   0x00000038   Code   RO           11    i.h_drv_SPI_Write_Byte  main.o
    0x08000984   0x08000984   0x00000048   Code   RO           12    i.h_drv_Sector_Erase  main.o
    0x080009cc   0x080009cc   0x00000020   Code   RO           13    i.h_drv_Write_Array  main.o
    0x080009ec   0x080009ec   0x0000002a   Code   RO         5453    i.isrMessageGet     RTX_CM4.lib(rt_cmsis.o)
    0x08000a16   0x08000a16   0x0000002c   Code   RO         5454    i.isrMessagePut     RTX_CM4.lib(rt_cmsis.o)
    0x08000a42   0x08000a42   0x00000002   PAD
    0x08000a44   0x08000a44   0x00000056   Code   RO         6402    i.isr_mbx_receive   RTX_CM4.lib(rt_mailbox.o)
    0x08000a9a   0x08000a9a   0x0000000e   Code   RO         6403    i.isr_mbx_send      RTX_CM4.lib(rt_mailbox.o)
    0x08000aa8   0x08000aa8   0x00000044   Code   RO           14    i.main              main.o
    0x08000aec   0x08000aec   0x00000008   Code   RO           15    i.next_Add          main.o
    0x08000af4   0x08000af4   0x00000024   Code   RO         5458    i.osKernelInitialize  RTX_CM4.lib(rt_cmsis.o)
    0x08000b18   0x08000b18   0x0000006c   Code   RO         5460    i.osKernelStart     RTX_CM4.lib(rt_cmsis.o)
    0x08000b84   0x08000b84   0x00000018   Code   RO         5469    i.osMessageGet      RTX_CM4.lib(rt_cmsis.o)
    0x08000b9c   0x08000b9c   0x0000002c   Code   RO         5486    i.osThreadCreate    RTX_CM4.lib(rt_cmsis.o)
    0x08000bc8   0x08000bc8   0x00000018   Code   RO         5487    i.osThreadExit      RTX_CM4.lib(rt_cmsis.o)
    0x08000be0   0x08000be0   0x0000000c   Code   RO         5493    i.osTimerCall       RTX_CM4.lib(rt_cmsis.o)
    0x08000bec   0x08000bec   0x0000002c   Code   RO         5498    i.osTimerThread     RTX_CM4.lib(rt_cmsis.o)
    0x08000c18   0x08000c18   0x00000022   Code   RO         5353    i.os_error          rtx_conf_cm.o
    0x08000c3a   0x08000c3a   0x00000004   Code   RO         5354    i.os_idle_demon     rtx_conf_cm.o
    0x08000c3e   0x08000c3e   0x00000002   PAD
    0x08000c40   0x08000c40   0x00000028   Code   RO         6194    i.os_tick_init      RTX_CM4.lib(rt_system.o)
    0x08000c68   0x08000c68   0x00000002   Code   RO         6195    i.os_tick_irqack    RTX_CM4.lib(rt_system.o)
    0x08000c6a   0x08000c6a   0x0000001a   Code   RO         6548    i.rt_alloc_box      RTX_CM4.lib(rt_membox.o)
    0x08000c84   0x08000c84   0x0000003e   Code   RO         6576    i.rt_alloc_mem      RTX_CM4.lib(rt_memory.o)
    0x08000cc2   0x08000cc2   0x00000002   PAD
    0x08000cc4   0x08000cc4   0x00000038   Code   RO         6075    i.rt_block          RTX_CM4.lib(rt_task.o)
    0x08000cfc   0x08000cfc   0x00000048   Code   RO         6525    i.rt_chk_robin      RTX_CM4.lib(rt_robin.o)
    0x08000d44   0x08000d44   0x00000070   Code   RO         6326    i.rt_dec_dly        RTX_CM4.lib(rt_list.o)
    0x08000db4   0x08000db4   0x00000044   Code   RO         6076    i.rt_dispatch       RTX_CM4.lib(rt_task.o)
    0x08000df8   0x08000df8   0x00000050   Code   RO         6287    i.rt_evt_psh        RTX_CM4.lib(rt_event.o)
    0x08000e48   0x08000e48   0x0000002c   Code   RO         6549    i.rt_free_box       RTX_CM4.lib(rt_membox.o)
    0x08000e74   0x08000e74   0x00000028   Code   RO         6577    i.rt_free_mem       RTX_CM4.lib(rt_memory.o)
    0x08000e9c   0x08000e9c   0x00000028   Code   RO         6327    i.rt_get_first      RTX_CM4.lib(rt_list.o)
    0x08000ec4   0x08000ec4   0x00000008   Code   RO         5503    i.rt_id2obj         RTX_CM4.lib(rt_cmsis.o)
    0x08000ecc   0x08000ecc   0x00000048   Code   RO         6077    i.rt_init_context   RTX_CM4.lib(rt_task.o)
    0x08000f14   0x08000f14   0x0000001a   Code   RO         6578    i.rt_init_mem       RTX_CM4.lib(rt_memory.o)
    0x08000f2e   0x08000f2e   0x00000002   PAD
    0x08000f30   0x08000f30   0x00000018   Code   RO         6526    i.rt_init_robin     RTX_CM4.lib(rt_robin.o)
    0x08000f48   0x08000f48   0x00000080   Code   RO         6603    i.rt_init_stack     RTX_CM4.lib(hal_cm.o)
    0x08000fc8   0x08000fc8   0x00000008   Code   RO         6404    i.rt_mbx_check      RTX_CM4.lib(rt_mailbox.o)
    0x08000fd0   0x08000fd0   0x0000001a   Code   RO         6405    i.rt_mbx_init       RTX_CM4.lib(rt_mailbox.o)
    0x08000fea   0x08000fea   0x00000002   PAD
    0x08000fec   0x08000fec   0x000000f0   Code   RO         6406    i.rt_mbx_psh        RTX_CM4.lib(rt_mailbox.o)
    0x080010dc   0x080010dc   0x000000b4   Code   RO         6408    i.rt_mbx_wait       RTX_CM4.lib(rt_mailbox.o)
    0x08001190   0x08001190   0x00000044   Code   RO         5504    i.rt_ms2tick        RTX_CM4.lib(rt_cmsis.o)
    0x080011d4   0x080011d4   0x000000d8   Code   RO         6161    i.rt_mut_release    RTX_CM4.lib(rt_mutex.o)
    0x080012ac   0x080012ac   0x00000078   Code   RO         6162    i.rt_mut_wait       RTX_CM4.lib(rt_mutex.o)
    0x08001324   0x08001324   0x0000007c   Code   RO         6198    i.rt_pop_req        RTX_CM4.lib(rt_system.o)
    0x080013a0   0x080013a0   0x00000020   Code   RO         6199    i.rt_psh_req        RTX_CM4.lib(rt_system.o)
    0x080013c0   0x080013c0   0x0000005c   Code   RO         6329    i.rt_psq_enq        RTX_CM4.lib(rt_list.o)
    0x0800141c   0x0800141c   0x00000048   Code   RO         6330    i.rt_put_dly        RTX_CM4.lib(rt_list.o)
    0x08001464   0x08001464   0x00000036   Code   RO         6331    i.rt_put_prio       RTX_CM4.lib(rt_list.o)
    0x0800149a   0x0800149a   0x00000002   PAD
    0x0800149c   0x0800149c   0x00000014   Code   RO         6332    i.rt_put_rdy_first  RTX_CM4.lib(rt_list.o)
    0x080014b0   0x080014b0   0x00000034   Code   RO         6333    i.rt_resort_prio    RTX_CM4.lib(rt_list.o)
    0x080014e4   0x080014e4   0x00000010   Code   RO         6604    i.rt_ret_regs       RTX_CM4.lib(hal_cm.o)
    0x080014f4   0x080014f4   0x0000000c   Code   RO         6605    i.rt_ret_val        RTX_CM4.lib(hal_cm.o)
    0x08001500   0x08001500   0x00000010   Code   RO         6606    i.rt_ret_val2       RTX_CM4.lib(hal_cm.o)
    0x08001510   0x08001510   0x00000028   Code   RO         6334    i.rt_rmv_dly        RTX_CM4.lib(rt_list.o)
    0x08001538   0x08001538   0x00000030   Code   RO         6335    i.rt_rmv_list       RTX_CM4.lib(rt_list.o)
    0x08001568   0x08001568   0x00000034   Code   RO         6453    i.rt_sem_psh        RTX_CM4.lib(rt_semaphore.o)
    0x0800159c   0x0800159c   0x00000024   Code   RO         6201    i.rt_stk_check      RTX_CM4.lib(rt_system.o)
    0x080015c0   0x080015c0   0x00000028   Code   RO         6078    i.rt_switch_req     RTX_CM4.lib(rt_task.o)
    0x080015e8   0x080015e8   0x000000cc   Code   RO         6079    i.rt_sys_init       RTX_CM4.lib(rt_task.o)
    0x080016b4   0x080016b4   0x00000078   Code   RO         6080    i.rt_sys_start      RTX_CM4.lib(rt_task.o)
    0x0800172c   0x0800172c   0x00000040   Code   RO         6203    i.rt_systick        RTX_CM4.lib(rt_system.o)
    0x0800176c   0x0800176c   0x00000012   Code   RO         5505    i.rt_tid2ptcb       RTX_CM4.lib(rt_cmsis.o)
    0x0800177e   0x0800177e   0x00000002   PAD
    0x08001780   0x08001780   0x00000034   Code   RO         5506    i.rt_timer_insert   RTX_CM4.lib(rt_cmsis.o)
    0x080017b4   0x080017b4   0x00000088   Code   RO         6081    i.rt_tsk_create     RTX_CM4.lib(rt_task.o)
    0x0800183c   0x0800183c   0x0000017c   Code   RO         6082    i.rt_tsk_delete     RTX_CM4.lib(rt_task.o)
    0x080019b8   0x080019b8   0x0000007c   Code   RO         6084    i.rt_tsk_prio       RTX_CM4.lib(rt_task.o)
    0x08001a34   0x08001a34   0x00000010   Code   RO         6085    i.rt_tsk_self       RTX_CM4.lib(rt_task.o)
    0x08001a44   0x08001a44   0x00000070   Code   RO         5509    i.svcKernelInitialize  RTX_CM4.lib(rt_cmsis.o)
    0x08001ab4   0x08001ab4   0x00000048   Code   RO         5511    i.svcKernelStart    RTX_CM4.lib(rt_cmsis.o)
    0x08001afc   0x08001afc   0x00000024   Code   RO         5514    i.svcMessageCreate  RTX_CM4.lib(rt_cmsis.o)
    0x08001b20   0x08001b20   0x0000003a   Code   RO         5515    i.svcMessageGet     RTX_CM4.lib(rt_cmsis.o)
    0x08001b5a   0x08001b5a   0x00000002   PAD
    0x08001b5c   0x08001b5c   0x0000006c   Code   RO         5529    i.svcThreadCreate   RTX_CM4.lib(rt_cmsis.o)
    0x08001bc8   0x08001bc8   0x0000001c   Code   RO         5530    i.svcThreadGetId    RTX_CM4.lib(rt_cmsis.o)
    0x08001be4   0x08001be4   0x00000038   Code   RO         5533    i.svcThreadTerminate  RTX_CM4.lib(rt_cmsis.o)
    0x08001c1c   0x08001c1c   0x00000018   Code   RO         5535    i.svcTimerCall      RTX_CM4.lib(rt_cmsis.o)
    0x08001c34   0x08001c34   0x0000005c   Code   RO         5544    i.sysTimerTick      RTX_CM4.lib(rt_cmsis.o)
    0x08001c90   0x08001c90   0x0000000a   Code   RO         6802    x$fpl$fpinit        fz_wm.l(fpinit.o)
    0x08001c9a   0x08001c9a   0x00000002   PAD
    0x08001c9c   0x08001c9c   0x00000068   Data   RO         5356    .constdata          rtx_conf_cm.o
    0x08001d04   0x08001d04   0x00000020   Data   RO         6836    Region$$Table       anon$$obj.o


    Execution Region ER_RW (Exec base: 0x20000000, Load base: 0x08001d24, Size: 0x00000048, Max: 0xffffffff, ABSOLUTE)

    Exec Addr    Load Addr    Size         Type   Attr      Idx    E Section Name        Object

    0x20000000   0x08001d24   0x0000000a   Data   RW           16    .data               main.o
    0x2000000a   0x08001d2e   0x00000002   PAD
    0x2000000c   0x08001d30   0x00000014   Data   RW         5357    .data               rtx_conf_cm.o
    0x20000020   0x08001d44   0x00000008   Data   RW         5547    .data               RTX_CM4.lib(rt_cmsis.o)
    0x20000028   0x08001d4c   0x00000008   Data   RW         6087    .data               RTX_CM4.lib(rt_task.o)
    0x20000030   0x08001d54   0x00000008   Data   RW         6206    .data               RTX_CM4.lib(rt_system.o)
    0x20000038   0x08001d5c   0x00000004   Data   RW         6496    .data               RTX_CM4.lib(rt_time.o)
    0x2000003c   0x08001d60   0x00000008   Data   RW         6527    .data               RTX_CM4.lib(rt_robin.o)
    0x20000044   0x08001d68   0x00000001   Data   RW         6607    .data               RTX_CM4.lib(hal_cm.o)


    Execution Region ER_ZI (Exec base: 0x20000048, Load base: 0x08001d6c, Size: 0x00001290, Max: 0xffffffff, ABSOLUTE)

    Exec Addr    Load Addr    Size         Type   Attr      Idx    E Section Name        Object

    0x20000048        -       0x00000bc8   Zero   RW         5355    .bss                rtx_conf_cm.o
    0x20000c10        -       0x00000034   Zero   RW         6086    .bss                RTX_CM4.lib(rt_task.o)
    0x20000c44        -       0x00000030   Zero   RW         6336    .bss                RTX_CM4.lib(rt_list.o)
    0x20000c74        -       0x00000060   Zero   RW         6669    .bss                c_w.l(libspace.o)
    0x20000cd4   0x08001d6c   0x00000004   PAD
    0x20000cd8        -       0x00000200   Zero   RW         5407    HEAP                startup_stm32f407xx.o
    0x20000ed8        -       0x00000400   Zero   RW         5406    STACK               startup_stm32f407xx.o


==============================================================================

Image component sizes


      Code (inc. data)   RO Data    RW Data    ZI Data      Debug   Object Name

       704         92          0         10          0     263714   main.o
       126         26        104         20       3016       9411   rtx_conf_cm.o
        64         26        392          0       1536        856   startup_stm32f407xx.o
       222          0          0          0          0      10259   stm32f4xx_gpio.o
        64         12          0          0          0       1210   stm32f4xx_rcc.o
       112          0          0          0          0      11994   stm32f4xx_spi.o
       100         18          0          0          0        517   system_stm32f4xx.o

    ----------------------------------------------------------------------
      1396        174        528         32       4552     297961   Object Totals
         0          0         32          0          0          0   (incl. Generated)
         4          0          0          2          0          0   (incl. Padding)

    ----------------------------------------------------------------------

      Code (inc. data)   RO Data    RW Data    ZI Data      Debug   Library Member Name

       268         24          0          1          0       4472   hal_cm.o
       408         34          0          0          0        816   hal_cm4.o
      1110        138          0          8          0      34689   rt_cmsis.o
        80          4          0          0          0        701   rt_event.o
       530         34          0          0         48       8601   rt_list.o
       554         10          0          0          0       4189   rt_mailbox.o
       140          0          0          0          0       2045   rt_membox.o
       128          0          0          0          0       2419   rt_memory.o
       336         14          0          0          0       1727   rt_mutex.o
        96         22          0          8          0       1230   rt_robin.o
        52          4          0          0          0        613   rt_semaphore.o
       298         52          0          8          0       6439   rt_system.o
      1216        174          0          8         52      10045   rt_task.o
         0          0          0          4          0        210   rt_time.o
         4          4          0          0          0        200   svc_table.o
         8          0          0          0          0         68   __main.o
         0          0          0          0          0          0   __rtentry.o
        20          0          0          0          0          0   __rtentry2.o
         6          0          0          0          0          0   __rtentry4.o
        52          8          0          0          0          0   __scatter.o
        26          0          0          0          0          0   __scatter_copy.o
        28          0          0          0          0          0   __scatter_zi.o
        18          0          0          0          0         80   exit.o
         6          0          0          0          0        152   heapauxi.o
         0          0          0          0          0          0   indicate_semi.o
         2          0          0          0          0          0   libinit.o
         6          0          0          0          0          0   libinit2.o
         2          0          0          0          0          0   libshutdown.o
         2          0          0          0          0          0   libshutdown2.o
         8          4          0          0         96         68   libspace.o
         2          0          0          0          0          0   rtexit.o
        10          0          0          0          0          0   rtexit2.o
        12          4          0          0          0         68   sys_exit.o
        74          0          0          0          0         80   sys_stackheap_outer.o
         2          0          0          0          0         68   use_no_semi.o
        10          0          0          0          0        116   fpinit.o

    ----------------------------------------------------------------------
      5536        530          0         40        200      79096   Library Totals
        22          0          0          3          4          0   (incl. Padding)

    ----------------------------------------------------------------------

      Code (inc. data)   RO Data    RW Data    ZI Data      Debug   Library Name

      5220        514          0         37        100      78396   RTX_CM4.lib
       284         16          0          0         96        584   c_w.l
        10          0          0          0          0        116   fz_wm.l

    ----------------------------------------------------------------------
      5536        530          0         40        200      79096   Library Totals

    ----------------------------------------------------------------------

==============================================================================


      Code (inc. data)   RO Data    RW Data    ZI Data      Debug   

      6932        704        528         72       4752     367701   Grand Totals
      6932        704        528         72       4752     367701   ELF Image Totals
      6932        704        528         72          0          0   ROM Totals

==============================================================================

    Total RO  Size (Code + RO Data)                 7460 (   7.29kB)
    Total RW  Size (RW Data + ZI Data)              4824 (   4.71kB)
    Total ROM Size (Code + RO Data + RW Data)       7532 (   7.36kB)

==============================================================================

